Command: /Users/jason/.espressif/python_env/idf5.5_py3.10_env/bin/python /Users/jason/esp/v5.5.1/esp-idf/tools/idf_monitor.py -p /dev/cu.usbmodem1301 -b 115200 --toolchain-prefix riscv32-esp-elf- --target esp32p4 --revision 1 --decode-panic backtrace /Users/jason/Documents/Demo_Tab5andcardKB2/GameDemo/build/GameDemo.elf /Users/jason/Documents/Demo_Tab5andcardKB2/GameDemo/build/bootloader/bootloader.elf -m '/Users/jason/.espressif/python_env/idf5.5_py3.10_env/bin/python' '/Users/jason/esp/v5.5.1/esp-idf/tools/idf.py' '-p' '/dev/cu.usbmodem1301'
ESP-ROM:esp32p4-eco2-20240710
Build:Jul 10 2024
rst:0x17 (CHIP_USB_UART_RESET),boot:0x20c (SPI_FAST_FLASH_BOOT)
Core0 Saved PC:0x4000eb6c
Core1 Saved PC:0x4fc012cc
SPI mode:DIO, clock div:1
load:0x4ff33ce0,len:0x164c
load:0x4ff29ed0,len:0xdfc
load:0x4ff2cbd0,len:0x336c
entry 0x4ff29eda
[0;32mI (28) boot: ESP-IDF v5.5.1-dirty 2nd stage bootloader[0m
[0;32mI (28) boot: compile time Mar 28 2026 21:10:31[0m
[0;32mI (29) boot: Multicore bootloader[0m
[0;32mI (30) boot: chip revision: v1.0[0m
[0;32mI (31) boot: efuse block revision: v0.3[0m
[0;32mI (35) boot.esp32p4: SPI Speed      : 80MHz[0m
[0;32mI (39) boot.esp32p4: SPI Mode       : DIO[0m
[0;32mI (43) boot.esp32p4: SPI Flash Size : 16MB[0m
[0;32mI (46) boot: Enabling RNG early entropy source...[0m
[0;32mI (51) boot: Partition Table:[0m
[0;32mI (53) boot: ## Label            Usage          Type ST Offset   Length[0m
[0;32mI (60) boot:  0 nvs              WiFi data        01 02 00009000 00006000[0m
[0;32mI (66) boot:  1 phy_init         RF data          01 01 0000f000 00001000[0m
[0;32mI (73) boot:  2 factory          factory app      00 00 00010000 00f00000[0m
[0;32mI (80) boot: End of partition table[0m
[0;32mI (83) esp_image: segment 0: paddr=00010020 vaddr=400b0020 size=42428h (271400) map[0m
[0;32mI (129) esp_image: segment 1: paddr=00052450 vaddr=30100000 size=00068h (   104) load[0m
[0;32mI (130) esp_image: segment 2: paddr=000524c0 vaddr=4ff00000 size=0db58h ( 56152) load[0m
[0;32mI (142) esp_image: segment 3: paddr=00060020 vaddr=40000020 size=a9958h (694616) map[0m
[0;32mI (241) esp_image: segment 4: paddr=00109980 vaddr=4ff0db58 size=09908h ( 39176) load[0m
[0;32mI (249) esp_image: segment 5: paddr=00113290 vaddr=4ff17480 size=0360ch ( 13836) load[0m
[0;32mI (253) esp_image: segment 6: paddr=001168a4 vaddr=50108080 size=00020h (    32) load[0m
[0;32mI (259) boot: Loaded app from partition at offset 0x10000[0m
[0;32mI (260) boot: Disabling RNG early entropy source...[0m
[0;32mI (277) hex_psram: vendor id    : 0x0d (AP)[0m
[0;32mI (277) hex_psram: Latency      : 0x01 (Fixed)[0m
[0;32mI (278) hex_psram: DriveStr.    : 0x00 (25 Ohm)[0m
[0;32mI (278) hex_psram: dev id       : 0x03 (generation 4)[0m
[0;32mI (283) hex_psram: density      : 0x07 (256 Mbit)[0m
[0;32mI (287) hex_psram: good-die     : 0x06 (Pass)[0m
[0;32mI (291) hex_psram: SRF          : 0x02 (Slow Refresh)[0m
[0;32mI (296) hex_psram: BurstType    : 0x00 ( Wrap)[0m
[0;32mI (300) hex_psram: BurstLen     : 0x03 (2048 Byte)[0m
[0;32mI (305) hex_psram: BitMode      : 0x01 (X16 Mode)[0m
[0;32mI (309) hex_psram: Readlatency  : 0x04 (14 cycles@Fixed)[0m
[0;32mI (314) hex_psram: DriveStrength: 0x00 (1/1)[0m
[0;32mI (318) MSPI DQS: tuning success, best phase id is 0[0m
[0;32mI (495) MSPI DQS: tuning success, best delayline id is 16[0m
[0;32mI (496) esp_psram: Found 32MB PSRAM device[0m
[0;32mI (497) esp_psram: Speed: 200MHz[0m
[0;32mI (498) hex_psram: psram CS IO is dedicated[0m
[0;32mI (500) cpu_start: Multicore app[0m
[0;32mI (1453) esp_psram: SPI SRAM memory test OK[0m
[0;32mI (1462) cpu_start: Pro cpu start user code[0m
[0;32mI (1462) cpu_start: cpu freq: 360000000 Hz[0m
[0;32mI (1463) app_init: Application information:[0m
[0;32mI (1463) app_init: Project name:     GameDemo[0m
[0;32mI (1467) app_init: App version:      1[0m
[0;32mI (1470) app_init: Compile time:     Mar 31 2026 11:20:18[0m
[0;32mI (1475) app_init: ELF file SHA256:  99737e99b...[0m
[0;32mI (1480) app_init: ESP-IDF:          v5.5.1-dirty[0m
[0;32mI (1484) efuse_init: Min chip rev:     v0.1[0m
[0;32mI (1488) efuse_init: Max chip rev:     v1.99 [0m
[0;32mI (1492) efuse_init: Chip rev:         v1.0[0m
[0;32mI (1496) heap_init: Initializing. RAM available for dynamic allocation:[0m
[0;32mI (1503) heap_init: At 4FF1CBD0 len 0001E3F0 (120 KiB): RAM[0m
[0;32mI (1508) heap_init: At 4FF3AFC0 len 00004BF0 (18 KiB): RAM[0m
[0;32mI (1513) heap_init: At 4FF40000 len 00060000 (384 KiB): RAM[0m
[0;32mI (1519) heap_init: At 501080A0 len 00007F60 (31 KiB): RTCRAM[0m
[0;32mI (1524) heap_init: At 30100068 len 00001F98 (7 KiB): TCM[0m
[0;32mI (1529) esp_psram: Adding pool of 32768K of PSRAM memory to heap allocator[0m
[0;32mI (1536) spi_flash: detected chip: generic[0m
[0;32mI (1539) spi_flash: flash io: dio[0m
[0;32mI (1543) main_task: Started on CPU0[0m
[0;32mI (1553) esp_psram: Reserving pool of 32K of internal memory for DMA/internal allocations[0m
[0;32mI (1553) main_task: Calling app_main()[0m
[0;32mI (1553) LVGL: Starting LVGL task[0m
[0;33mW (1563) ledc: GPIO 22 is not usable, maybe conflict with others[0m
[0;32mI (1563) m5stack_tab5: MIPI DSI PHY Powered on[0m
[0;32mI (1573) m5stack_tab5: Install MIPI DSI LCD control panel[0m
[0;32mI (1613) ili9881c: ID1: 0x98, ID2: 0x81, ID3: 0x5c[0m
[1;31mE (1733) lcd_panel: esp_lcd_panel_swap_xy(50): swap_xy is not supported by this panel[0m
[0;32mI (1733) m5stack_tab5: Display initialized with resolution 720x1280[0m
[0;32mI (1733) GT911: I2C address initialization procedure skipped - using default GT9xx setup[0m
[0;32mI (1743) GT911: TouchPad_ID:0x39,0x31,0x31[0m
[0;32mI (1743) GT911: TouchPad_Config_Version:80[0m
[0;32mI (1753) GameDemo: Starting NEON TETRIS UI[0m
[0;32mI (1763) ui_home: Modern home UI initialized[0m
[0;32mI (1803) uart_mgr: UART receive task started, waiting for data...[0m
[0;32mI (1803) uart_mgr: UART initialized (TX:53, RX:54, Baud:115200)[0m
[0;32mI (1803) uart_mgr: UART receive callback registered[0m
[0;32mI (1803) input_uart: UART input ready[0m
Guru Meditation Error: Core  0 panic'ed (Stack protection fault). 

Detected in task "taskLVGL" at 0x400569b0
Stack pointer: 0x4ff37d30
Stack bounds: 0x4ff3b564 - 0x4ff3d160


Core  0 register dump:
MEPC    : 0x400569c2  RA      : 0x4005715e  SP      : 0x4ff37d30  GP      : 0x4ff17c80  
TP      : 0x4ff3d140  T0      : 0xffffc000  T1      : 0x3f800000  T2      : 0x3f800000  
S0/FP   : 0x00004000  S1      : 0x0000475c  A0      : 0x00000000  A1      : 0x4ff3d938  
A2      : 0x4ff2f600  A3      : 0x00000001  A4      : 0x4ff3c488  A5      : 0x4ff37e78  
A6      : 0x0000000d  A7      : 0x00000000  S2      : 0x4ff2d2f4  S3      : 0x4ff2f5ec  
S4      : 0x00000000  S5      : 0x000000ff  S6      : 0x00000000  S7      : 0x4ff2dbe0  
S8      : 0x000000ff  S9      : 0x00000001  S10     : 0x4826658c  S11     : 0x00001400  
T3      : 0x3f800000  T4      : 0x3f800000  T5      : 0x00000000  T6      : 0x441d0000  
MSTATUS : 0x80017880  MTVEC   : 0x4ff00003  MCAUSE  : 0x0000001b  MTVAL   : 0x00000000  
MHARTID : 0x00000000  

add symbol table from file "/Users/jason/Documents/Demo_Tab5andcardKB2/GameDemo/build/bootloader/bootloader.elf"
0x400569c2 in rleRender (rle=0x0, outline=0x4ff3d938, renderRegion=..., antiAlias=true) at /Users/jason/Documents/Demo_Tab5andcardKB2/GameDemo/managed_components/lvgl__lvgl/src/libs/thorvg/tvgSwRle.cpp:867
867	    rw.bufferSize = sizeof(buffer);
#0  0x400569c2 in rleRender (rle=0x0, outline=0x4ff3d938, renderRegion=..., antiAlias=true) at /Users/jason/Documents/Demo_Tab5andcardKB2/GameDemo/managed_components/lvgl__lvgl/src/libs/thorvg/tvgSwRle.cpp:867
#1  0x00000000 in ?? ()
Backtrace stopped: frame did not save the PC



ELF file SHA256: 99737e99b

Rebooting...
ESP-ROM:esp32p4-eco2-20240710
Build:Jul 10 2024
rst:0xc (SW_CPU_RESET),boot:0x20c (SPI_FAST_FLASH_BOOT)
Core0 Saved PC:0x4ff04f14
Core1 Saved PC:0x4000193a
SPI mode:DIO, clock div:1
load:0x4ff33ce0,len:0x164c
load:0x4ff29ed0,len:0xdfc
load:0x4ff2cbd0,len:0x336c
entry 0x4ff29eda
[0;32mI (28) boot: ESP-IDF v5.5.1-dirty 2nd stage bootloader[0m
[0;32mI (28) boot: compile time Mar 28 2026 21:10:31[0m
[0;32mI (29) boot: Multicore bootloader[0m
[0;32mI (30) boot: chip revision: v1.0[0m
[0;32mI (32) boot: efuse block revision: v0.3[0m
[0;32mI (35) boot.esp32p4: SPI Speed      : 80MHz[0m
[0;32mI (39) boot.esp32p4: SPI Mode       : DIO[0m
[0;32mI (43) boot.esp32p4: SPI Flash Size : 16MB[0m
[0;32mI (47) boot: Enabling RNG early entropy source...[0m
[0;32mI (51) boot: Partition Table:[0m
[0;32mI (54) boot: ## Label            Usage          Type ST Offset   Length[0m
[0;32mI (60) boot:  0 nvs              WiFi data        01 02 00009000 00006000[0m
[0;32mI (67) boot:  1 phy_init         RF data          01 01 0000f000 00001000[0m
[0;32mI (73) boot:  2 factory          factory app      00 00 00010000 00f00000[0m
[0;32mI (80) boot: End of partition table[0m
[0;32mI (83) esp_image: segment 0: paddr=00010020 vaddr=400b0020 size=42428h (271400) map[0m
[0;32mI (129) esp_image: segment 1: paddr=00052450 vaddr=30100000 size=00068h (   104) load[0m
[0;32mI (131) esp_image: segment 2: paddr=000524c0 vaddr=4ff00000 size=0db58h ( 56152) load[0m
[0;32mI (143) esp_image: segment 3: paddr=00060020 vaddr=40000020 size=a9958h (694616) map[0m
[0;32mI (241) esp_image: segment 4: paddr=00109980 vaddr=4ff0db58 size=09908h ( 39176) load[0m
[0;32mI (249) esp_image: segment 5: paddr=00113290 vaddr=4ff17480 size=0360ch ( 13836) load[0m
[0;32mI (253) esp_image: segment 6: paddr=001168a4 vaddr=50108080 size=00020h (    32) load[0m
[0;32mI (259) boot: Loaded app from partition at offset 0x10000[0m
[0;32mI (259) boot: Disabling RNG early entropy source...[0m
[0;32mI (277) hex_psram: vendor id    : 0x0d (AP)[0m
[0;32mI (277) hex_psram: Latency      : 0x01 (Fixed)[0m
[0;32mI (277) hex_psram: DriveStr.    : 0x00 (25 Ohm)[0m
[0;32mI (278) hex_psram: dev id       : 0x03 (generation 4)[0m
[0;32mI (283) hex_psram: density      : 0x07 (256 Mbit)[0m
[0;32mI (287) hex_psram: good-die     : 0x06 (Pass)[0m
[0;32mI (291) hex_psram: SRF          : 0x02 (Slow Refresh)[0m
[0;32mI (296) hex_psram: BurstType    : 0x00 ( Wrap)[0m
[0;32mI (300) hex_psram: BurstLen     : 0x03 (2048 Byte)[0m
[0;32mI (304) hex_psram: BitMode      : 0x01 (X16 Mode)[0m
[0;32mI (309) hex_psram: Readlatency  : 0x04 (14 cycles@Fixed)[0m
[0;32mI (314) hex_psram: DriveStrength: 0x00 (1/1)[0m
[0;32mI (318) MSPI DQS: tuning success, best phase id is 0[0m
[0;32mI (495) MSPI DQS: tuning success, best delayline id is 16[0m
[0;32mI (496) esp_psram: Found 32MB PSRAM device[0m
[0;32mI (496) esp_psram: Speed: 200MHz[0m
[0;32mI (497) hex_psram: psram CS IO is dedicated[0m
[0;32mI (500) cpu_start: Multicore app[0m
[0;32mI (1454) esp_psram: SPI SRAM memory test OK[0m
[0;32mI (1463) cpu_start: Pro cpu start user code[0m
[0;32mI (1463) cpu_start: cpu freq: 360000000 Hz[0m
[0;32mI (1464) app_init: Application information:[0m
[0;32mI (1464) app_init: Project name:     GameDemo[0m
[0;32mI (1468) app_init: App version:      1[0m
[0;32mI (1471) app_init: Compile time:     Mar 31 2026 11:20:18[0m
[0;32mI (1476) app_init: ELF file SHA256:  99737e99b...[0m
[0;32mI (1481) app_init: ESP-IDF:          v5.5.1-dirty[0m
[0;32mI (1485) efuse_init: Min chip rev:     v0.1[0m
[0;32mI (1489) efuse_init: Max chip rev:     v1.99 [0m
[0;32mI (1493) efuse_init: Chip rev:         v1.0[0m
[0;32mI (1497) heap_init: Initializing. RAM available for dynamic allocation:[0m
[0;32mI (1503) heap_init: At 4FF1CBD0 len 0001E3F0 (120 KiB): RAM[0m
[0;32mI (1509) heap_init: At 4FF3AFC0 len 00004BF0 (18 KiB): RAM[0m
[0;32mI (1514) heap_init: At 4FF40000 len 00060000 (384 KiB): RAM[0m
[0;32mI (1519) heap_init: At 501080A0 len 00007F60 (31 KiB): RTCRAM[0m
[0;32mI (1525) heap_init: At 30100068 len 00001F98 (7 KiB): TCM[0m
[0;32mI (1530) esp_psram: Adding pool of 32768K of PSRAM memory to heap allocator[0m
[0;32mI (1537) spi_flash: detected chip: generic[0m
[0;32mI (1540) spi_flash: flash io: dio[0m
[0;32mI (1544) main_task: Started on CPU0[0m
[0;32mI (1554) esp_psram: Reserving pool of 32K of internal memory for DMA/internal allocations[0m
[0;32mI (1554) main_task: Calling app_main()[0m
[0;32mI (1554) LVGL: Starting LVGL task[0m
[0;33mW (1564) ledc: GPIO 22 is not usable, maybe conflict with others[0m
[0;32mI (1564) m5stack_tab5: MIPI DSI PHY Powered on[0m
[0;32mI (1574) m5stack_tab5: Install MIPI DSI LCD control panel[0m
[0;32mI (1614) ili9881c: ID1: 0x98, ID2: 0x81, ID3: 0x5c[0m
[1;31mE (1734) lcd_panel: esp_lcd_panel_swap_xy(50): swap_xy is not supported by this panel[0m
[0;32mI (1734) m5stack_tab5: Display initialized with resolution 720x1280[0m
[0;32mI (1734) GT911: I2C address initialization procedure skipped - using default GT9xx setup[0m
[0;32mI (1744) GT911: TouchPad_ID:0x39,0x31,0x31[0m
[0;32mI (1744) GT911: TouchPad_Config_Version:80[0m
[0;32mI (1754) GameDemo: Starting NEON TETRIS UI[0m
[0;32mI (1764) ui_home: Modern home UI initialized[0m
[0;32mI (1804) uart_mgr: UART receive task started, waiting for data...[0m
[0;32mI (1804) uart_mgr: UART initialized (TX:53, RX:54, Baud:115200)[0m
[0;32mI (1804) uart_mgr: UART receive callback registered[0m
[0;32mI (1804) input_uart: UART input ready[0m
Guru Meditation Error: Core  0 panic'ed (Stack protection fault). 

Detected in task "taskLVGL" at 0x400569b0
Stack pointer: 0x4ff37d30
Stack bounds: 0x4ff3b564 - 0x4ff3d160


Core  0 register dump:
MEPC    : 0x400569c2  RA      : 0x4005715e  SP      : 0x4ff37d30  GP      : 0x4ff17c80  
TP      : 0x4ff3d140  T0      : 0xffffc000  T1      : 0x3f800000  T2      : 0x3f800000  
S0/FP   : 0x00004000  S1      : 0x0000475c  A0      : 0x00000000  A1      : 0x4ff3d938  
A2      : 0x4ff2f600  A3      : 0x00000001  A4      : 0x4ff3c488  A5      : 0x4ff37e78  
A6      : 0x0000000d  A7      : 0x00000000  S2      : 0x4ff2d2f4  S3      : 0x4ff2f5ec  
S4      : 0x00000000  S5      : 0x000000ff  S6      : 0x00000000  S7      : 0x4ff2dbe0  
S8      : 0x000000ff  S9      : 0x00000001  S10     : 0x4826658c  S11     : 0x00001400  
T3      : 0x3f800000  T4      : 0x3f800000  T5      : 0x00000000  T6      : 0x441d0000  
MSTATUS : 0x80017880  MTVEC   : 0x4ff00003  MCAUSE  : 0x0000001b  MTVAL   : 0x00000000  
MHARTID : 0x00000000  

add symbol table from file "/Users/jason/Documents/Demo_Tab5andcardKB2/GameDemo/build/bootloader/bootloader.elf"
0x400569c2 in rleRender (rle=0x0, outline=0x4ff3d938, renderRegion=..., antiAlias=true) at /Users/jason/Documents/Demo_Tab5andcardKB2/GameDemo/managed_components/lvgl__lvgl/src/libs/thorvg/tvgSwRle.cpp:867
867	    rw.bufferSize = sizeof(buffer);
#0  0x400569c2 in rleRender (rle=0x0, outline=0x4ff3d938, renderRegion=..., antiAlias=true) at /Users/jason/Documents/Demo_Tab5andcardKB2/GameDemo/managed_components/lvgl__lvgl/src/libs/thorvg/tvgSwRle.cpp:867
#1  0x00000000 in ?? ()
Backtrace stopped: frame did not save the PC



ELF file SHA256: 99737e99b

Rebooting...
ESP-ROM:esp32p4-eco2-20240710
Build:Jul 10 2024
rst:0xc (SW_CPU_RESET),boot:0x20c (SPI_FAST_FLASH_BOOT)
Core0 Saved PC:0x4ff04f14
Core1 Saved PC:0x4000193a
SPI mode:DIO, clock div:1
load:0x4ff33ce0,len:0x164c
load:0x4ff29ed0,len:0xdfc
load:0x4ff2cbd0,len:0x336c
entry 0x4ff29eda
[0;32mI (28) boot: ESP-IDF v5.5.1-dirty 2nd stage bootloader[0m
[0;32mI (28) boot: compile time Mar 28 2026 21:10:31[0m
[0;32mI (29) boot: Multicore bootloader[0m
[0;32mI (30) boot: chip revision: v1.0[0m
[0;32mI (32) boot: efuse block revision: v0.3[0m
[0;32mI (35) boot.esp32p4: SPI Speed      : 80MHz[0m
[0;32mI (39) boot.esp32p4: SPI Mode       : DIO[0m
[0;32mI (43) boot.esp32p4: SPI Flash Size : 16MB[0m
[0;32mI (47) boot: Enabling RNG early entropy source...[0m
[0;32mI (51) boot: Partition Table:[0m
[0;32mI (54) boot: ## Label            Usage          Type ST Offset   Length[0m
[0;32mI (60) boot:  0 nvs              WiFi data        01 02 00009000 00006000[0m
[0;32mI (67) boot:  1 phy_init         RF data          01 01 0000f000 00001000[0m
[0;32mI (73) boot:  2 factory          factory app      00 00 00010000 00f00000[0m
[0;32mI (80) boot: End of partition table[0m
[0;32mI (83) esp_image: segment 0: paddr=00010020 vaddr=400b0020 size=42428h (271400) map[0m
[0;32mI (129) esp_image: segment 1: paddr=00052450 vaddr=30100000 size=00068h (   104) load[0m
[0;32mI (131) esp_image: segment 2: paddr=000524c0 vaddr=4ff00000 size=0db58h ( 56152) load[0m
[0;32mI (143) esp_image: segment 3: paddr=00060020 vaddr=40000020 size=a9958h (694616) map[0m
[0;32mI (241) esp_image: segment 4: paddr=00109980 vaddr=4ff0db58 size=09908h ( 39176) load[0m
[0;32mI (249) esp_image: segment 5: paddr=00113290 vaddr=4ff17480 size=0360ch ( 13836) load[0m
[0;32mI (253) esp_image: segment 6: paddr=001168a4 vaddr=50108080 size=00020h (    32) load[0m
[0;32mI (259) boot: Loaded app from partition at offset 0x10000[0m
[0;32mI (259) boot: Disabling RNG early entropy source...[0m
[0;32mI (277) hex_psram: vendor id    : 0x0d (AP)[0m
[0;32mI (277) hex_psram: Latency      : 0x01 (Fixed)[0m
[0;32mI (277) hex_psram: DriveStr.    : 0x00 (25 Ohm)[0m
[0;32mI (278) hex_psram: dev id       : 0x03 (generation 4)[0m
[0;32mI (283) hex_psram: density      : 0x07 (256 Mbit)[0m
[0;32mI (287) hex_psram: good-die     : 0x06 (Pass)[0m
[0;32mI (291) hex_psram: SRF          : 0x02 (Slow Refresh)[0m
[0;32mI (296) hex_psram: BurstType    : 0x00 ( Wrap)[0m
[0;32mI (300) hex_psram: BurstLen     : 0x03 (2048 Byte)[0m
[0;32mI (304) hex_psram: BitMode      : 0x01 (X16 Mode)[0m
[0;32mI (309) hex_psram: Readlatency  : 0x04 (14 cycles@Fixed)[0m
[0;32mI (314) hex_psram: DriveStrength: 0x00 (1/1)[0m
[0;32mI (318) MSPI DQS: tuning success, best phase id is 0[0m
[0;32mI (495) MSPI DQS: tuning success, best delayline id is 16[0m
[0;32mI (496) esp_psram: Found 32MB PSRAM device[0m
[0;32mI (496) esp_psram: Speed: 200MHz[0m
[0;32mI (497) hex_psram: psram CS IO is dedicated[0m
[0;32mI (500) cpu_start: Multicore app[0m
[0;32mI (1454) esp_psram: SPI SRAM memory test OK[0m
[0;32mI (1463) cpu_start: Pro cpu start user code[0m
[0;32mI (1463) cpu_start: cpu freq: 360000000 Hz[0m
[0;32mI (1464) app_init: Application information:[0m
[0;32mI (1464) app_init: Project name:     GameDemo[0m
[0;32mI (1468) app_init: App version:      1[0m
[0;32mI (1471) app_init: Compile time:     Mar 31 2026 11:20:18[0m
[0;32mI (1476) app_init: ELF file SHA256:  99737e99b...[0m
[0;32mI (1481) app_init: ESP-IDF:          v5.5.1-dirty[0m
[0;32mI (1485) efuse_init: Min chip rev:     v0.1[0m
[0;32mI (1489) efuse_init: Max chip rev:     v1.99 [0m
[0;32mI (1493) efuse_init: Chip rev:         v1.0[0m
[0;32mI (1497) heap_init: Initializing. RAM available for dynamic allocation:[0m
[0;32mI (1503) heap_init: At 4FF1CBD0 len 0001E3F0 (120 KiB): RAM[0m
[0;32mI (1509) heap_init: At 4FF3AFC0 len 00004BF0 (18 KiB): RAM[0m
[0;32mI (1514) heap_init: At 4FF40000 len 00060000 (384 KiB): RAM[0m
[0;32mI (1519) heap_init: At 501080A0 len 00007F60 (31 KiB): RTCRAM[0m
[0;32mI (1525) heap_init: At 30100068 len 00001F98 (7 KiB): TCM[0m
[0;32mI (1530) esp_psram: Adding pool of 32768K of PSRAM memory to heap allocator[0m
[0;32mI (1537) spi_flash: detected chip: generic[0m
[0;32mI (1540) spi_flash: flash io: dio[0m
[0;32mI (1544) main_task: Started on CPU0[0m
[0;32mI (1554) esp_psram: Reserving pool of 32K of internal memory for DMA/internal allocations[0m
[0;32mI (1554) main_task: Calling app_main()[0m
[0;32mI (1554) LVGL: Starting LVGL task[0m
[0;33mW (1564) ledc: GPIO 22 is not usable, maybe conflict with others[0m
[0;32mI (1564) m5stack_tab5: MIPI DSI PHY Powered on[0m
[0;32mI (1574) m5stack_tab5: Install MIPI DSI LCD control panel[0m
[0;32mI (1614) ili9881c: ID1: 0x98, ID2: 0x81, ID3: 0x5c[0m
[1;31mE (1734) lcd_panel: esp_lcd_panel_swap_xy(50): swap_xy is not supported by this panel[0m
[0;32mI (1734) m5stack_tab5: Display initialized with resolution 720x1280[0m
[0;32mI (1734) GT911: I2C address initialization procedure skipped - using default GT9xx setup[0m
[0;32mI (1744) GT911: TouchPad_ID:0x39,0x31,0x31[0m
[0;32mI (1744) GT911: TouchPad_Config_Version:80[0m
[0;32mI (1754) GameDemo: Starting NEON TETRIS UI[0m
[0;32mI (1764) ui_home: Modern home UI initialized[0m
[0;32mI (1804) uart_mgr: UART receive task started, waiting for data...[0m
[0;32mI (1804) uart_mgr: UART initialized (TX:53, RX:54, Baud:115200)[0m
[0;32mI (1804) uart_mgr: UART receive callback registered[0m
[0;32mI (1804) input_uart: UART input ready[0m
Guru Meditation Error: Core  0 panic'ed (Stack protection fault). 

Detected in task "taskLVGL" at 0x400569b0
Stack pointer: 0x4ff37d30
Stack bounds: 0x4ff3b564 - 0x4ff3d160


Core  0 register dump:
MEPC    : 0x400569c2  RA      : 0x4005715e  SP      : 0x4ff37d30  GP      : 0x4ff17c80  
TP      : 0x4ff3d140  T0      : 0xffffc000  T1      : 0x3f800000  T2      : 0x3f800000  
S0/FP   : 0x00004000  S1      : 0x0000475c  A0      : 0x00000000  A1      : 0x4ff3d938  
A2      : 0x4ff2f600  A3      : 0x00000001  A4      : 0x4ff3c488  A5      : 0x4ff37e78  
A6      : 0x0000000d  A7      : 0x00000000  S2      : 0x4ff2d2f4  S3      : 0x4ff2f5ec  
S4      : 0x00000000  S5      : 0x000000ff  S6      : 0x00000000  S7      : 0x4ff2dbe0  
S8      : 0x000000ff  S9      : 0x00000001  S10     : 0x4826658c  S11     : 0x00001400  
T3      : 0x3f800000  T4      : 0x3f800000  T5      : 0x00000000  T6      : 0x441d0000  
MSTATUS : 0x80017880  MTVEC   : 0x4ff00003  MCAUSE  : 0x0000001b  MTVAL   : 0x00000000  
MHARTID : 0x00000000  

add symbol table from file "/Users/jason/Documents/Demo_Tab5andcardKB2/GameDemo/build/bootloader/bootloader.elf"
0x400569c2 in rleRender (rle=0x0, outline=0x4ff3d938, renderRegion=..., antiAlias=true) at /Users/jason/Documents/Demo_Tab5andcardKB2/GameDemo/managed_components/lvgl__lvgl/src/libs/thorvg/tvgSwRle.cpp:867
867	    rw.bufferSize = sizeof(buffer);
#0  0x400569c2 in rleRender (rle=0x0, outline=0x4ff3d938, renderRegion=..., antiAlias=true) at /Users/jason/Documents/Demo_Tab5andcardKB2/GameDemo/managed_components/lvgl__lvgl/src/libs/thorvg/tvgSwRle.cpp:867
#1  0x00000000 in ?? ()
Backtrace stopped: frame did not save the PC



ELF file SHA256: 99737e99b

Rebooting...
ESP-ROM:esp32p4-eco2-20240710
Build:Jul 10 2024
rst:0xc (SW_CPU_RESET),boot:0x20c (SPI_FAST_FLASH_BOOT)
Core0 Saved PC:0x4ff04f14
Core1 Saved PC:0x4000193a
SPI mode:DIO, clock div:1
load:0x4ff33ce0,len:0x164c
load:0x4ff29ed0,len:0xdfc
load:0x4ff2cbd0,len:0x336c
entry 0x4ff29eda
[0;32mI (28) boot: ESP-IDF v5.5.1-dirty 2nd stage bootloader[0m
[0;32mI (28) boot: compile time Mar 28 2026 21:10:31[0m
[0;32mI (29) boot: Multicore bootloader[0m
[0;32mI (30) boot: chip revision: v1.0[0m
[0;32mI (32) boot: efuse block revision: v0.3[0m
[0;32mI (35) boot.esp32p4: SPI Speed      : 80MHz[0m
[0;32mI (39) boot.esp32p4: SPI Mode       : DIO[0m
[0;32mI (43) boot.esp32p4: SPI Flash Size : 16MB[0m
[0;32mI (47) boot: Enabling RNG early entropy source...[0m
[0;32mI (51) boot: Partition Table:[0m
[0;32mI (54) boot: ## Label            Usage          Type ST Offset   Length[0m
[0;32mI (60) boot:  0 nvs              WiFi data        01 02 00009000 00006000[0m
[0;32mI (67) boot:  1 phy_init         RF data          01 01 0000f000 00001000[0m
[0;32mI (73) boot:  2 factory          factory app      00 00 00010000 00f00000[0m
[0;32mI (80) boot: End of partition table[0m
[0;32mI (83) esp_image: segment 0: paddr=00010020 vaddr=400b0020 size=42428h (271400) map[0m
[0;32mI (129) esp_image: segment 1: paddr=00052450 vaddr=30100000 size=00068h (   104) load[0m
[0;32mI (131) esp_image: segment 2: paddr=000524c0 vaddr=4ff00000 size=0db58h ( 56152) load[0m
[0;32mI (143) esp_image: segment 3: paddr=00060020 vaddr=40000020 size=a9958h (694616) map[0m
[0;32mI (241) esp_image: segment 4: paddr=00109980 vaddr=4ff0db58 size=09908h ( 39176) load[0m
[0;32mI (249) esp_image: segment 5: paddr=00113290 vaddr=4ff17480 size=0360ch ( 13836) load[0m
[0;32mI (253) esp_image: segment 6: paddr=001168a4 vaddr=50108080 size=00020h (    32) load[0m
[0;32mI (259) boot: Loaded app from partition at offset 0x10000[0m
[0;32mI (259) boot: Disabling RNG early entropy source...[0m
[0;32mI (277) hex_psram: vendor id    : 0x0d (AP)[0m
[0;32mI (277) hex_psram: Latency      : 0x01 (Fixed)[0m
[0;32mI (277) hex_psram: DriveStr.    : 0x00 (25 Ohm)[0m
[0;32mI (278) hex_psram: dev id       : 0x03 (generation 4)[0m
[0;32mI (283) hex_psram: density      : 0x07 (256 Mbit)[0m
[0;32mI (287) hex_psram: good-die     : 0x06 (Pass)[0m
[0;32mI (291) hex_psram: SRF          : 0x02 (Slow Refresh)[0m
[0;32mI (296) hex_psram: BurstType    : 0x00 ( Wrap)[0m
[0;32mI (300) hex_psram: BurstLen     : 0x03 (2048 Byte)[0m
[0;32mI (304) hex_psram: BitMode      : 0x01 (X16 Mode)[0m
[0;32mI (309) hex_psram: Readlatency  : 0x04 (14 cycles@Fixed)[0m
[0;32mI (314) hex_psram: DriveStrength: 0x00 (1/1)[0m
[0;32mI (318) MSPI DQS: tuning success, best phase id is 0[0m
[0;32mI (495) MSPI DQS: tuning success, best delayline id is 16[0m
[0;32mI (496) esp_psram: Found 32MB PSRAM device[0m
[0;32mI (496) esp_psram: Speed: 200MHz[0m
[0;32mI (497) hex_psram: psram CS IO is dedicated[0m
[0;32mI (500) cpu_start: Multicore app[0m
[0;32mI (1453) esp_psram: SPI SRAM memory test OK[0m
[0;32mI (1463) cpu_start: Pro cpu start user code[0m
[0;32mI (1463) cpu_start: cpu freq: 360000000 Hz[0m
[0;32mI (1463) app_init: Application information:[0m
[0;32mI (1464) app_init: Project name:     GameDemo[0m
[0;32mI (1468) app_init: App version:      1[0m
[0;32mI (1471) app_init: Compile time:     Mar 31 2026 11:20:18[0m
[0;32mI (1476) app_init: ELF file SHA256:  99737e99b...[0m
[0;32mI (1481) app_init: ESP-IDF:          v5.5.1-dirty[0m
[0;32mI (1485) efuse_init: Min chip rev:     v0.1[0m
[0;32mI (1489) efuse_init: Max chip rev:     v1.99 [0m
[0;32mI (1493) efuse_init: Chip rev:         v1.0[0m
[0;32mI (1497) heap_init: Initializing. RAM available for dynamic allocation:[0m
[0;32mI (1503) heap_init: At 4FF1CBD0 len 0001E3F0 (120 KiB): RAM[0m
[0;32mI (1508) heap_init: At 4FF3AFC0 len 00004BF0 (18 KiB): RAM[0m
[0;32mI (1514) heap_init: At 4FF40000 len 00060000 (384 KiB): RAM[0m
[0;32mI (1519) heap_init: At 501080A0 len 00007F60 (31 KiB): RTCRAM[0m
[0;32mI (1524) heap_init: At 30100068 len 00001F98 (7 KiB): TCM[0m
[0;32mI (1530) esp_psram: Adding pool of 32768K of PSRAM memory to heap allocator[0m
[0;32mI (1537) spi_flash: detected chip: generic[0m
[0;32mI (1540) spi_flash: flash io: dio[0m
[0;32mI (1544) main_task: Started on CPU0[0m
[0;32mI (1554) esp_psram: Reserving pool of 32K of internal memory for DMA/internal allocations[0m
[0;32mI (1554) main_task: Calling app_main()[0m
[0;32mI (1554) LVGL: Starting LVGL task[0m
[0;33mW (1564) ledc: GPIO 22 is not usable, maybe conflict with others[0m
[0;32mI (1564) m5stack_tab5: MIPI DSI PHY Powered on[0m
[0;32mI (1574) m5stack_tab5: Install MIPI DSI LCD control panel[0m
[0;32mI (1614) ili9881c: ID1: 0x98, ID2: 0x81, ID3: 0x5c[0m
[1;31mE (1734) lcd_panel: esp_lcd_panel_swap_xy(50): swap_xy is not supported by this panel[0m
[0;32mI (1734) m5stack_tab5: Display initialized with resolution 720x1280[0m
[0;32mI (1734) GT911: I2C address initialization procedure skipped - using default GT9xx setup[0m
[0;32mI (1744) GT911: TouchPad_ID:0x39,0x31,0x31[0m
[0;32mI (1744) GT911: TouchPad_Config_Version:80[0m
[0;32mI (1754) GameDemo: Starting NEON TETRIS UI[0m
[0;32mI (1764) ui_home: Modern home UI initialized[0m
[0;32mI (1804) uart_mgr: UART receive task started, waiting for data...[0m
[0;32mI (1804) uart_mgr: UART initialized (TX:53, RX:54, Baud:115200)[0m
[0;32mI (1804) uart_mgr: UART receive callback registered[0m
[0;32mI (1804) input_uart: UART input ready[0m
Guru Meditation Error: Core  0 panic'ed (Stack protection fault). 

Detected in task "taskLVGL" at 0x400569b0
Stack pointer: 0x4ff37d30
Stack bounds: 0x4ff3b564 - 0x4ff3d160


Core  0 register dump:
MEPC    : 0x400569c2  RA      : 0x4005715e  SP      : 0x4ff37d30  GP      : 0x4ff17c80  
TP      : 0x4ff3d140  T0      : 0xffffc000  T1      : 0x3f800000  T2      : 0x3f800000  
S0/FP   : 0x00004000  S1      : 0x0000475c  A0      : 0x00000000  A1      : 0x4ff3d938  
A2      : 0x4ff2f600  A3      : 0x00000001  A4      : 0x4ff3c488  A5      : 0x4ff37e78  
A6      : 0x0000000d  A7      : 0x00000000  S2      : 0x4ff2d2f4  S3      : 0x4ff2f5ec  
S4      : 0x00000000  S5      : 0x000000ff  S6      : 0x00000000  S7      : 0x4ff2dbe0  
S8      : 0x000000ff  S9      : 0x00000001  S10     : 0x4826658c  S11     : 0x00001400  
T3      : 0x3f800000  T4      : 0x3f800000  T5      : 0x00000000  T6      : 0x441d0000  
MSTATUS : 0x80017880  MTVEC   : 0x4ff00003  MCAUSE  : 0x0000001b  MTVAL   : 0x00000000  
MHARTID : 0x00000000  

add symbol table from file "/Users/jason/Documents/Demo_Tab5andcardKB2/GameDemo/build/bootloader/bootloader.elf"
0x400569c2 in rleRender (rle=0x0, outline=0x4ff3d938, renderRegion=..., antiAlias=true) at /Users/jason/Documents/Demo_Tab5andcardKB2/GameDemo/managed_components/lvgl__lvgl/src/libs/thorvg/tvgSwRle.cpp:867
867	    rw.bufferSize = sizeof(buffer);
#0  0x400569c2 in rleRender (rle=0x0, outline=0x4ff3d938, renderRegion=..., antiAlias=true) at /Users/jason/Documents/Demo_Tab5andcardKB2/GameDemo/managed_components/lvgl__lvgl/src/libs/thorvg/tvgSwRle.cpp:867
#1  0x00000000 in ?? ()
Backtrace stopped: frame did not save the PC



ELF file SHA256: 99737e99b

Rebooting...
ESP-ROM:esp32p4-eco2-20240710
Build:Jul 10 2024
rst:0xc (SW_CPU_RESET),boot:0x20c (SPI_FAST_FLASH_BOOT)
Core0 Saved PC:0x4ff04f14
Core1 Saved PC:0x4000193a
SPI mode:DIO, clock div:1
load:0x4ff33ce0,len:0x164c
load:0x4ff29ed0,len:0xdfc
load:0x4ff2cbd0,len:0x336c
entry 0x4ff29eda
[0;32mI (28) boot: ESP-IDF v5.5.1-dirty 2nd stage bootloader[0m
[0;32mI (28) boot: compile time Mar 28 2026 21:10:31[0m
[0;32mI (29) boot: Multicore bootloader[0m
[0;32mI (30) boot: chip revision: v1.0[0m
[0;32mI (32) boot: efuse block revision: v0.3[0m
[0;32mI (35) boot.esp32p4: SPI Speed      : 80MHz[0m
[0;32mI (39) boot.esp32p4: SPI Mode       : DIO[0m
[0;32mI (43) boot.esp32p4: SPI Flash Size : 16MB[0m
[0;32mI (47) boot: Enabling RNG early entropy source...[0m
[0;32mI (51) boot: Partition Table:[0m
[0;32mI (54) boot: ## Label            Usage          Type ST Offset   Length[0m
[0;32mI (60) boot:  0 nvs              WiFi data        01 02 00009000 00006000[0m
[0;32mI (67) boot:  1 phy_init         RF data          01 01 0000f000 00001000[0m
[0;32mI (73) boot:  2 factory          factory app      00 00 00010000 00f00000[0m
[0;32mI (80) boot: End of partition table[0m
[0;32mI (83) esp_image: segment 0: paddr=00010020 vaddr=400b0020 size=42428h (271400) map[0m
[0;32mI (129) esp_image: segment 1: paddr=00052450 vaddr=30100000 size=00068h (   104) load[0m
[0;32mI (131) esp_image: segment 2: paddr=000524c0 vaddr=4ff00000 size=0db58h ( 56152) load[0m
[0;32mI (143) esp_image: segment 3: paddr=00060020 vaddr=40000020 size=a9958h (694616) map[0m
[0;32mI (241) esp_image: segment 4: paddr=00109980 vaddr=4ff0db58 size=09908h ( 39176) load[0m
[0;32mI (249) esp_image: segment 5: paddr=00113290 vaddr=4ff17480 size=0360ch ( 13836) load[0m
[0;32mI (253) esp_image: segment 6: paddr=001168a4 vaddr=50108080 size=00020h (    32) load[0m
[0;32mI (259) boot: Loaded app from partition at offset 0x10000[0m
[0;32mI (259) boot: Disabling RNG early entropy source...[0m
[0;32mI (277) hex_psram: vendor id    : 0x0d (AP)[0m
[0;32mI (277) hex_psram: Latency      : 0x01 (Fixed)[0m
[0;32mI (277) hex_psram: DriveStr.    : 0x00 (25 Ohm)[0m
[0;32mI (278) hex_psram: dev id       : 0x03 (generation 4)[0m
[0;32mI (283) hex_psram: density      : 0x07 (256 Mbit)[0m
[0;32mI (287) hex_psram: good-die     : 0x06 (Pass)[0m
[0;32mI (291) hex_psram: SRF          : 0x02 (Slow Refresh)[0m
[0;32mI (296) hex_psram: BurstType    : 0x00 ( Wrap)[0m
[0;32mI (300) hex_psram: BurstLen     : 0x03 (2048 Byte)[0m
[0;32mI (304) hex_psram: BitMode      : 0x01 (X16 Mode)[0m
[0;32mI (309) hex_psram: Readlatency  : 0x04 (14 cycles@Fixed)[0m
[0;32mI (314) hex_psram: DriveStrength: 0x00 (1/1)[0m
[0;32mI (318) MSPI DQS: tuning success, best phase id is 0[0m
[0;32mI (495) MSPI DQS: tuning success, best delayline id is 16[0m
[0;32mI (496) esp_psram: Found 32MB PSRAM device[0m
[0;32mI (496) esp_psram: Speed: 200MHz[0m
[0;32mI (497) hex_psram: psram CS IO is dedicated[0m
[0;32mI (500) cpu_start: Multicore app[0m
[0;32mI (1452) esp_psram: SPI SRAM memory test OK[0m
[0;32mI (1462) cpu_start: Pro cpu start user code[0m
[0;32mI (1462) cpu_start: cpu freq: 360000000 Hz[0m
[0;32mI (1462) app_init: Application information:[0m
[0;32mI (1463) app_init: Project name:     GameDemo[0m
[0;32mI (1467) app_init: App version:      1[0m
[0;32mI (1470) app_init: Compile time:     Mar 31 2026 11:20:18[0m
[0;32mI (1475) app_init: ELF file SHA256:  99737e99b...[0m
[0;32mI (1480) app_init: ESP-IDF:          v5.5.1-dirty[0m
[0;32mI (1484) efuse_init: Min chip rev:     v0.1[0m
[0;32mI (1488) efuse_init: Max chip rev:     v1.99 [0m
[0;32mI (1492) efuse_init: Chip rev:         v1.0[0m
[0;32mI (1496) heap_init: Initializing. RAM available for dynamic allocation:[0m
[0;32mI (1502) heap_init: At 4FF1CBD0 len 0001E3F0 (120 KiB): RAM[0m
[0;32mI (1507) heap_init: At 4FF3AFC0 len 00004BF0 (18 KiB): RAM[0m
[0;32mI (1513) heap_init: At 4FF40000 len 00060000 (384 KiB): RAM[0m
[0;32mI (1518) heap_init: At 501080A0 len 00007F60 (31 KiB): RTCRAM[0m
[0;32mI (1523) heap_init: At 30100068 len 00001F98 (7 KiB): TCM[0m
[0;32mI (1529) esp_psram: Adding pool of 32768K of PSRAM memory to heap allocator[0m
[0;32mI (1536) spi_flash: detected chip: generic[0m
[0;32mI (1539) spi_flash: flash io: dio[0m
[0;32mI (1543) main_task: Started on CPU0[0m
[0;32mI (1553) esp_psram: Reserving pool of 32K of internal memory for DMA/internal allocations[0m
[0;32mI (1553) main_task: Calling app_main()[0m
[0;32mI (1553) LVGL: Starting LVGL task[0m
[0;33mW (1563) ledc: GPIO 22 is not usable, maybe conflict with others[0m
[0;32mI (1563) m5stack_tab5: MIPI DSI PHY Powered on[0m
[0;32mI (1573) m5stack_tab5: Install MIPI DSI LCD control panel[0m
[0;32mI (1613) ili9881c: ID1: 0x98, ID2: 0x81, ID3: 0x5c[0m
[1;31mE (1733) lcd_panel: esp_lcd_panel_swap_xy(50): swap_xy is not supported by this panel[0m
[0;32mI (1733) m5stack_tab5: Display initialized with resolution 720x1280[0m
[0;32mI (1733) GT911: I2C address initialization procedure skipped - using default GT9xx setup[0m
[0;32mI (1743) GT911: TouchPad_ID:0x39,0x31,0x31[0m
[0;32mI (1743) GT911: TouchPad_Config_Version:80[0m
[0;32mI (1753) GameDemo: Starting NEON TETRIS UI[0m
[0;32mI (1763) ui_home: Modern home UI initialized[0m
[0;32mI (1803) uart_mgr: UART receive task started, waiting for data...[0m
[0;32mI (1803) uart_mgr: UART initialized (TX:53, RX:54, Baud:115200)[0m
[0;32mI (1803) uart_mgr: UART receive callback registered[0m
[0;32mI (1803) input_uart: UART input ready[0m
Guru Meditation Error: Core  0 panic'ed (Stack protection fault). 

Detected in task "taskLVGL" at 0x400569b0
Stack pointer: 0x4ff37d30
Stack bounds: 0x4ff3b564 - 0x4ff3d160


Core  0 register dump:
MEPC    : 0x400569c2  RA      : 0x4005715e  SP      : 0x4ff37d30  GP      : 0x4ff17c80  
TP      : 0x4ff3d140  T0      : 0xffffc000  T1      : 0x3f800000  T2      : 0x3f800000  
S0/FP   : 0x00004000  S1      : 0x0000475c  A0      : 0x00000000  A1      : 0x4ff3d938  
A2      : 0x4ff2f600  A3      : 0x00000001  A4      : 0x4ff3c488  A5      : 0x4ff37e78  
A6      : 0x0000000d  A7      : 0x00000000  S2      : 0x4ff2d2f4  S3      : 0x4ff2f5ec  
S4      : 0x00000000  S5      : 0x000000ff  S6      : 0x00000000  S7      : 0x4ff2dbe0  
S8      : 0x000000ff  S9      : 0x00000001  S10     : 0x4826658c  S11     : 0x00001400  
T3      : 0x3f800000  T4      : 0x3f800000  T5      : 0x00000000  T6      : 0x441d0000  
MSTATUS : 0x80017880  MTVEC   : 0x4ff00003  MCAUSE  : 0x0000001b  MTVAL   : 0x00000000  
MHARTID : 0x00000000  

add symbol table from file "/Users/jason/Documents/Demo_Tab5andcardKB2/GameDemo/build/bootloader/bootloader.elf"
0x400569c2 in rleRender (rle=0x0, outline=0x4ff3d938, renderRegion=..., antiAlias=true) at /Users/jason/Documents/Demo_Tab5andcardKB2/GameDemo/managed_components/lvgl__lvgl/src/libs/thorvg/tvgSwRle.cpp:867
867	    rw.bufferSize = sizeof(buffer);
#0  0x400569c2 in rleRender (rle=0x0, outline=0x4ff3d938, renderRegion=..., antiAlias=true) at /Users/jason/Documents/Demo_Tab5andcardKB2/GameDemo/managed_components/lvgl__lvgl/src/libs/thorvg/tvgSwRle.cpp:867
#1  0x00000000 in ?? ()
Backtrace stopped: frame did not save the PC



ELF file SHA256: 99737e99b

Rebooting...
ESP-ROM:esp32p4-eco2-20240710
Build:Jul 10 2024
rst:0xc (SW_CPU_RESET),boot:0x20c (SPI_FAST_FLASH_BOOT)
Core0 Saved PC:0x4ff04f14
Core1 Saved PC:0x4000193a
SPI mode:DIO, clock div:1
load:0x4ff33ce0,len:0x164c
load:0x4ff29ed0,len:0xdfc
load:0x4ff2cbd0,len:0x336c
entry 0x4ff29eda
[0;32mI (28) boot: ESP-IDF v5.5.1-dirty 2nd stage bootloader[0m
[0;32mI (28) boot: compile time Mar 28 2026 21:10:31[0m
[0;32mI (29) boot: Multicore bootloader[0m
[0;32mI (30) boot: chip revision: v1.0[0m
[0;32mI (32) boot: efuse block revision: v0.3[0m
[0;32mI (35) boot.esp32p4: SPI Speed      : 80MHz[0m
[0;32mI (39) boot.esp32p4: SPI Mode       : DIO[0m
[0;32mI (43) boot.esp32p4: SPI Flash Size : 16MB[0m
[0;32mI (47) boot: Enabling RNG early entropy source...[0m
[0;32mI (51) boot: Partition Table:[0m
[0;32mI (54) boot: ## Label            Usage          Type ST Offset   Length[0m
[0;32mI (60) boot:  0 nvs              WiFi data        01 02 00009000 00006000[0m
[0;32mI (67) boot:  1 phy_init         RF data          01 01 0000f000 00001000[0m
[0;32mI (73) boot:  2 factory          factory app      00 00 00010000 00f00000[0m
[0;32mI (80) boot: End of partition table[0m
[0;32mI (83) esp_image: segment 0: paddr=00010020 vaddr=400b0020 size=42428h (271400) map[0m
[0;32mI (129) esp_image: segment 1: paddr=00052450 vaddr=30100000 size=00068h (   104) load[0m
[0;32mI (131) esp_image: segment 2: paddr=000524c0 vaddr=4ff00000 size=0db58h ( 56152) load[0m
[0;32mI (143) esp_image: segment 3: paddr=00060020 vaddr=40000020 size=a9958h (694616) map[0m
[0;32mI (241) esp_image: segment 4: paddr=00109980 vaddr=4ff0db58 size=09908h ( 39176) load[0m
[0;32mI (249) esp_image: segment 5: paddr=00113290 vaddr=4ff17480 size=0360ch ( 13836) load[0m
[0;32mI (253) esp_image: segment 6: paddr=001168a4 vaddr=50108080 size=00020h (    32) load[0m
[0;32mI (259) boot: Loaded app from partition at offset 0x10000[0m
[0;32mI (259) boot: Disabling RNG early entropy source...[0m
[0;32mI (277) hex_psram: vendor id    : 0x0d (AP)[0m
[0;32mI (277) hex_psram: Latency      : 0x01 (Fixed)[0m
[0;32mI (277) hex_psram: DriveStr.    : 0x00 (25 Ohm)[0m
[0;32mI (278) hex_psram: dev id       : 0x03 (generation 4)[0m
[0;32mI (283) hex_psram: density      : 0x07 (256 Mbit)[0m
[0;32mI (287) hex_psram: good-die     : 0x06 (Pass)[0m
[0;32mI (291) hex_psram: SRF          : 0x02 (Slow Refresh)[0m
[0;32mI (296) hex_psram: BurstType    : 0x00 ( Wrap)[0m
[0;32mI (300) hex_psram: BurstLen     : 0x03 (2048 Byte)[0m
[0;32mI (304) hex_psram: BitMode      : 0x01 (X16 Mode)[0m
[0;32mI (309) hex_psram: Readlatency  : 0x04 (14 cycles@Fixed)[0m
[0;32mI (314) hex_psram: DriveStrength: 0x00 (1/1)[0m
[0;32mI (318) MSPI DQS: tuning success, best phase id is 0[0m
[0;32mI (495) MSPI DQS: tuning success, best delayline id is 16[0m
[0;32mI (496) esp_psram: Found 32MB PSRAM device[0m
[0;32mI (496) esp_psram: Speed: 200MHz[0m
[0;32mI (497) hex_psram: psram CS IO is dedicated[0m
[0;32mI (500) cpu_start: Multicore app[0m
[0;32mI (1453) esp_psram: SPI SRAM memory test OK[0m
[0;32mI (1463) cpu_start: Pro cpu start user code[0m
[0;32mI (1463) cpu_start: cpu freq: 360000000 Hz[0m
[0;32mI (1463) app_init: Application information:[0m
[0;32mI (1464) app_init: Project name:     GameDemo[0m
[0;32mI (1467) app_init: App version:      1[0m
[0;32mI (1471) app_init: Compile time:     Mar 31 2026 11:20:18[0m
[0;32mI (1476) app_init: ELF file SHA256:  99737e99b...[0m
[0;32mI (1481) app_init: ESP-IDF:          v5.5.1-dirty[0m
[0;32mI (1485) efuse_init: Min chip rev:     v0.1[0m
[0;32mI (1489) efuse_init: Max chip rev:     v1.99 [0m
[0;32mI (1493) efuse_init: Chip rev:         v1.0[0m
[0;32mI (1497) heap_init: Initializing. RAM available for dynamic allocation:[0m
[0;32mI (1503) heap_init: At 4FF1CBD0 len 0001E3F0 (120 KiB): RAM[0m
[0;32mI (1508) heap_init: At 4FF3AFC0 len 00004BF0 (18 KiB): RAM[0m
[0;32mI (1514) heap_init: At 4FF40000 len 00060000 (384 KiB): RAM[0m
[0;32mI (1519) heap_init: At 501080A0 len 00007F60 (31 KiB): RTCRAM[0m
[0;32mI (1524) heap_init: At 30100068 len 00001F98 (7 KiB): TCM[0m
[0;32mI (1530) esp_psram: Adding pool of 32768K of PSRAM memory to heap allocator[0m
[0;32mI (1537) spi_flash: detected chip: generic[0m
[0;32mI (1540) spi_flash: flash io: dio[0m
[0;32mI (1544) main_task: Started on CPU0[0m
[0;32mI (1554) esp_psram: Reserving pool of 32K of internal memory for DMA/internal allocations[0m
[0;32mI (1554) main_task: Calling app_main()[0m
[0;32mI (1554) LVGL: Starting LVGL task[0m
[0;33mW (1564) ledc: GPIO 22 is not usable, maybe conflict with others[0m
[0;32mI (1564) m5stack_tab5: MIPI DSI PHY Powered on[0m
[0;32mI (1574) m5stack_tab5: Install MIPI DSI LCD control panel[0m
[0;32mI (1614) ili9881c: ID1: 0x98, ID2: 0x81, ID3: 0x5c[0m
[1;31mE (1734) lcd_panel: esp_lcd_panel_swap_xy(50): swap_xy is not supported by this panel[0m
[0;32mI (1734) m5stack_tab5: Display initialized with resolution 720x1280[0m
[0;32mI (1734) GT911: I2C address initialization procedure skipped - using default GT9xx setup[0m
[0;32mI (1744) GT911: TouchPad_ID:0x39,0x31,0x31[0m
[0;32mI (1744) GT911: TouchPad_Config_Version:80[0m
[0;32mI (1754) GameDemo: Starting NEON TETRIS UI[0m
[0;32mI (1764) ui_home: Modern home UI initialized[0m
[0;32mI (1804) uart_mgr: UART receive task started, waiting for data...[0m
[0;32mI (1804) uart_mgr: UART initialized (TX:53, RX:54, Baud:115200)[0m
[0;32mI (1804) uart_mgr: UART receive callback registered[0m
[0;32mI (1804) input_uart: UART input ready[0m
Guru Meditation Error: Core  0 panic'ed (Stack protection fault). 

Detected in task "taskLVGL" at 0x400569b0
Stack pointer: 0x4ff37d30
Stack bounds: 0x4ff3b564 - 0x4ff3d160


Core  0 register dump:
MEPC    : 0x400569c2  RA      : 0x4005715e  SP      : 0x4ff37d30  GP      : 0x4ff17c80  
TP      : 0x4ff3d140  T0      : 0xffffc000  T1      : 0x3f800000  T2      : 0x3f800000  
S0/FP   : 0x00004000  S1      : 0x0000475c  A0      : 0x00000000  A1      : 0x4ff3d938  
A2      : 0x4ff2f600  A3      : 0x00000001  A4      : 0x4ff3c488  A5      : 0x4ff37e78  
A6      : 0x0000000d  A7      : 0x00000000  S2      : 0x4ff2d2f4  S3      : 0x4ff2f5ec  
S4      : 0x00000000  S5      : 0x000000ff  S6      : 0x00000000  S7      : 0x4ff2dbe0  
S8      : 0x000000ff  S9      : 0x00000001  S10     : 0x4826658c  S11     : 0x00001400  
T3      : 0x3f800000  T4      : 0x3f800000  T5      : 0x00000000  T6      : 0x441d0000  
MSTATUS : 0x80017880  MTVEC   : 0x4ff00003  MCAUSE  : 0x0000001b  MTVAL   : 0x00000000  
MHARTID : 0x00000000  

add symbol table from file "/Users/jason/Documents/Demo_Tab5andcardKB2/GameDemo/build/bootloader/bootloader.elf"
0x400569c2 in rleRender (rle=0x0, outline=0x4ff3d938, renderRegion=..., antiAlias=true) at /Users/jason/Documents/Demo_Tab5andcardKB2/GameDemo/managed_components/lvgl__lvgl/src/libs/thorvg/tvgSwRle.cpp:867
867	    rw.bufferSize = sizeof(buffer);
#0  0x400569c2 in rleRender (rle=0x0, outline=0x4ff3d938, renderRegion=..., antiAlias=true) at /Users/jason/Documents/Demo_Tab5andcardKB2/GameDemo/managed_components/lvgl__lvgl/src/libs/thorvg/tvgSwRle.cpp:867
#1  0x00000000 in ?? ()
Backtrace stopped: frame did not save the PC



ELF file SHA256: 99737e99b

Rebooting...
ESP-ROM:esp32p4-eco2-20240710
Build:Jul 10 2024
rst:0xc (SW_CPU_RESET),boot:0x20c (SPI_FAST_FLASH_BOOT)
Core0 Saved PC:0x4ff04f14
Core1 Saved PC:0x4000193a
SPI mode:DIO, clock div:1
load:0x4ff33ce0,len:0x164c
load:0x4ff29ed0,len:0xdfc
load:0x4ff2cbd0,len:0x336c
entry 0x4ff29eda
[0;32mI (28) boot: ESP-IDF v5.5.1-dirty 2nd stage bootloader[0m
[0;32mI (28) boot: compile time Mar 28 2026 21:10:31[0m
[0;32mI (29) boot: Multicore bootloader[0m
[0;32mI (30) boot: chip revision: v1.0[0m
[0;32mI (32) boot: efuse block revision: v0.3[0m
[0;32mI (35) boot.esp32p4: SPI Speed      : 80MHz[0m
[0;32mI (39) boot.esp32p4: SPI Mode       : DIO[0m
[0;32mI (43) boot.esp32p4: SPI Flash Size : 16MB[0m
[0;32mI (47) boot: Enabling RNG early entropy source...[0m
[0;32mI (51) boot: Partition Table:[0m
[0;32mI (54) boot: ## Label            Usage          Type ST Offset   Length[0m
[0;32mI (60) boot:  0 nvs              WiFi data        01 02 00009000 00006000[0m
[0;32mI (67) boot:  1 phy_init         RF data          01 01 0000f000 00001000[0m
[0;32mI (73) boot:  2 factory          factory app      00 00 00010000 00f00000[0m
[0;32mI (80) boot: End of partition table[0m
[0;32mI (83) esp_image: segment 0: paddr=00010020 vaddr=400b0020 size=42428h (271400) map[0m
[0;32mI (129) esp_image: segment 1: paddr=00052450 vaddr=30100000 size=00068h (   104) load[0m
[0;32mI (131) esp_image: segment 2: paddr=000524c0 vaddr=4ff00000 size=0db58h ( 56152) load[0m
[0;32mI (143) esp_image: segment 3: paddr=00060020 vaddr=40000020 size=a9958h (694616) map[0m
[0;32mI (241) esp_image: segment 4: paddr=00109980 vaddr=4ff0db58 size=09908h ( 39176) load[0m
[0;32mI (249) esp_image: segment 5: paddr=00113290 vaddr=4ff17480 size=0360ch ( 13836) load[0m
[0;32mI (253) esp_image: segment 6: paddr=001168a4 vaddr=50108080 size=00020h (    32) load[0m
[0;32mI (259) boot: Loaded app from partition at offset 0x10000[0m
[0;32mI (259) boot: Disabling RNG early entropy source...[0m
[0;32mI (277) hex_psram: vendor id    : 0x0d (AP)[0m
[0;32mI (277) hex_psram: Latency      : 0x01 (Fixed)[0m
[0;32mI (277) hex_psram: DriveStr.    : 0x00 (25 Ohm)[0m
[0;32mI (278) hex_psram: dev id       : 0x03 (generation 4)[0m
[0;32mI (283) hex_psram: density      : 0x07 (256 Mbit)[0m
[0;32mI (287) hex_psram: good-die     : 0x06 (Pass)[0m
[0;32mI (291) hex_psram: SRF          : 0x02 (Slow Refresh)[0m
[0;32mI (296) hex_psram: BurstType    : 0x00 ( Wrap)[0m
[0;32mI (300) hex_psram: BurstLen     : 0x03 (2048 Byte)[0m
[0;32mI (304) hex_psram: BitMode      : 0x01 (X16 Mode)[0m
[0;32mI (309) hex_psram: Readlatency  : 0x04 (14 cycles@Fixed)[0m
[0;32mI (314) hex_psram: DriveStrength: 0x00 (1/1)[0m
[0;32mI (318) MSPI DQS: tuning success, best phase id is 0[0m
[0;32mI (495) MSPI DQS: tuning success, best delayline id is 16[0m
[0;32mI (496) esp_psram: Found 32MB PSRAM device[0m
[0;32mI (496) esp_psram: Speed: 200MHz[0m
[0;32mI (497) hex_psram: psram CS IO is dedicated[0m
[0;32mI (500) cpu_start: Multicore app[0m
[0;32mI (1454) esp_psram: SPI SRAM memory test OK[0m
[0;32mI (1463) cpu_start: Pro cpu start user code[0m
[0;32mI (1463) cpu_start: cpu freq: 360000000 Hz[0m
[0;32mI (1464) app_init: Application information:[0m
[0;32mI (1464) app_init: Project name:     GameDemo[0m
[0;32mI (1468) app_init: App version:      1[0m
[0;32mI (1471) app_init: Compile time:     Mar 31 2026 11:20:18[0m
[0;32mI (1476) app_init: ELF file SHA256:  99737e99b...[0m
[0;32mI (1481) app_init: ESP-IDF:          v5.5.1-dirty[0m
[0;32mI (1485) efuse_init: Min chip rev:     v0.1[0m
[0;32mI (1489) efuse_init: Max chip rev:     v1.99 [0m
[0;32mI (1493) efuse_init: Chip rev:         v1.0[0m
[0;32mI (1497) heap_init: Initializing. RAM available for dynamic allocation:[0m
[0;32mI (1503) heap_init: At 4FF1CBD0 len 0001E3F0 (120 KiB): RAM[0m
[0;32mI (1509) heap_init: At 4FF3AFC0 len 00004BF0 (18 KiB): RAM[0m
[0;32mI (1514) heap_init: At 4FF40000 len 00060000 (384 KiB): RAM[0m
[0;32mI (1519) heap_init: At 501080A0 len 00007F60 (31 KiB): RTCRAM[0m
[0;32mI (1525) heap_init: At 30100068 len 00001F98 (7 KiB): TCM[0m
[0;32mI (1530) esp_psram: Adding pool of 32768K of PSRAM memory to heap allocator[0m
[0;32mI (1537) spi_flash: detected chip: generic[0m
[0;32mI (1540) spi_flash: flash io: dio[0m
[0;32mI (1544) main_task: Started on CPU0[0m
[0;32mI (1554) esp_psram: Reserving pool of 32K of internal memory for DMA/internal allocations[0m
[0;32mI (1554) main_task: Calling app_main()[0m
[0;32mI (1554) LVGL: Starting LVGL task[0m
[0;33mW (1564) ledc: GPIO 22 is not usable, maybe conflict with others[0m
[0;32mI (1564) m5stack_tab5: MIPI DSI PHY Powered on[0m
[0;32mI (1574) m5stack_tab5: Install MIPI DSI LCD control panel[0m
[0;32mI (1614) ili9881c: ID1: 0x98, ID2: 0x81, ID3: 0x5c[0m
[1;31mE (1734) lcd_panel: esp_lcd_panel_swap_xy(50): swap_xy is not supported by this panel[0m
[0;32mI (1734) m5stack_tab5: Display initialized with resolution 720x1280[0m
[0;32mI (1734) GT911: I2C address initialization procedure skipped - using default GT9xx setup[0m
[0;32mI (1744) GT911: TouchPad_ID:0x39,0x31,0x31[0m
[0;32mI (1744) GT911: TouchPad_Config_Version:80[0m
[0;32mI (1754) GameDemo: Starting NEON TETRIS UI[0m
[0;32mI (1764) ui_home: Modern home UI initialized[0m
[0;32mI (1804) uart_mgr: UART receive task started, waiting for data...[0m
[0;32mI (1804) uart_mgr: UART initialized (TX:53, RX:54, Baud:115200)[0m
[0;32mI (1804) uart_mgr: UART receive callback registered[0m
[0;32mI (1804) input_uart: UART input ready[0m
Guru Meditation Error: Core  0 panic'ed (Stack protection fault). 

Detected in task "taskLVGL" at 0x400569b0
Stack pointer: 0x4ff37d30
Stack bounds: 0x4ff3b564 - 0x4ff3d160


Core  0 register dump:
MEPC    : 0x400569c2  RA      : 0x4005715e  SP      : 0x4ff37d30  GP      : 0x4ff17c80  
TP      : 0x4ff3d140  T0      : 0xffffc000  T1      : 0x3f800000  T2      : 0x3f800000  
S0/FP   : 0x00004000  S1      : 0x0000475c  A0      : 0x00000000  A1      : 0x4ff3d938  
A2      : 0x4ff2f600  A3      : 0x00000001  A4      : 0x4ff3c488  A5      : 0x4ff37e78  
A6      : 0x0000000d  A7      : 0x00000000  S2      : 0x4ff2d2f4  S3      : 0x4ff2f5ec  
S4      : 0x00000000  S5      : 0x000000ff  S6      : 0x00000000  S7      : 0x4ff2dbe0  
S8      : 0x000000ff  S9      : 0x00000001  S10     : 0x4826658c  S11     : 0x00001400  
T3      : 0x3f800000  T4      : 0x3f800000  T5      : 0x00000000  T6      : 0x441d0000  
MSTATUS : 0x80017880  MTVEC   : 0x4ff00003  MCAUSE  : 0x0000001b  MTVAL   : 0x00000000  
MHARTID : 0x00000000  

add symbol table from file "/Users/jason/Documents/Demo_Tab5andcardKB2/GameDemo/build/bootloader/bootloader.elf"
0x400569c2 in rleRender (rle=0x0, outline=0x4ff3d938, renderRegion=..., antiAlias=true) at /Users/jason/Documents/Demo_Tab5andcardKB2/GameDemo/managed_components/lvgl__lvgl/src/libs/thorvg/tvgSwRle.cpp:867
867	    rw.bufferSize = sizeof(buffer);
#0  0x400569c2 in rleRender (rle=0x0, outline=0x4ff3d938, renderRegion=..., antiAlias=true) at /Users/jason/Documents/Demo_Tab5andcardKB2/GameDemo/managed_components/lvgl__lvgl/src/libs/thorvg/tvgSwRle.cpp:867
#1  0x00000000 in ?? ()
Backtrace stopped: frame did not save the PC



ELF file SHA256: 99737e99b

Rebooting...
ESP-ROM:esp32p4-eco2-20240710
Build:Jul 10 2024
rst:0xc (SW_CPU_RESET),boot:0x20c (SPI_FAST_FLASH_BOOT)
Core0 Saved PC:0x4ff04f14
Core1 Saved PC:0x4000193a
SPI mode:DIO, clock div:1
load:0x4ff33ce0,len:0x164c
load:0x4ff29ed0,len:0xdfc
load:0x4ff2cbd0,len:0x336c
entry 0x4ff29eda
[0;32mI (28) boot: ESP-IDF v5.5.1-dirty 2nd stage bootloader[0m
[0;32mI (28) boot: compile time Mar 28 2026 21:10:31[0m
[0;32mI (29) boot: Multicore bootloader[0m
[0;32mI (30) boot: chip revision: v1.0[0m
[0;32mI (32) boot: efuse block revision: v0.3[0m
[0;32mI (35) boot.esp32p4: SPI Speed      : 80MHz[0m
[0;32mI (39) boot.esp32p4: SPI Mode       : DIO[0m
[0;32mI (43) boot.esp32p4: SPI Flash Size : 16MB[0m
[0;32mI (47) boot: Enabling RNG early entropy source...[0m
[0;32mI (51) boot: Partition Table:[0m
[0;32mI (54) boot: ## Label            Usage          Type ST Offset   Length[0m
[0;32mI (60) boot:  0 nvs              WiFi data        01 02 00009000 00006000[0m
[0;32mI (67) boot:  1 phy_init         RF data          01 01 0000f000 00001000[0m
[0;32mI (73) boot:  2 factory          factory app      00 00 00010000 00f00000[0m
[0;32mI (80) boot: End of partition table[0m
[0;32mI (83) esp_image: segment 0: paddr=00010020 vaddr=400b0020 size=42428h (271400) map[0m
[0;32mI (129) esp_image: segment 1: paddr=00052450 vaddr=30100000 size=00068h (   104) load[0m
[0;32mI (131) esp_image: segment 2: paddr=000524c0 vaddr=4ff00000 size=0db58h ( 56152) load[0m
[0;32mI (143) esp_image: segment 3: paddr=00060020 vaddr=40000020 size=a9958h (694616) map[0m
[0;32mI (241) esp_image: segment 4: paddr=00109980 vaddr=4ff0db58 size=09908h ( 39176) load[0m
[0;32mI (249) esp_image: segment 5: paddr=00113290 vaddr=4ff17480 size=0360ch ( 13836) load[0m
[0;32mI (253) esp_image: segment 6: paddr=001168a4 vaddr=50108080 size=00020h (    32) load[0m
[0;32mI (259) boot: Loaded app from partition at offset 0x10000[0m
[0;32mI (259) boot: Disabling RNG early entropy source...[0m
[0;32mI (277) hex_psram: vendor id    : 0x0d (AP)[0m
[0;32mI (277) hex_psram: Latency      : 0x01 (Fixed)[0m
[0;32mI (277) hex_psram: DriveStr.    : 0x00 (25 Ohm)[0m
[0;32mI (278) hex_psram: dev id       : 0x03 (generation 4)[0m
[0;32mI (283) hex_psram: density      : 0x07 (256 Mbit)[0m
[0;32mI (287) hex_psram: good-die     : 0x06 (Pass)[0m
[0;32mI (291) hex_psram: SRF          : 0x02 (Slow Refresh)[0m
[0;32mI (296) hex_psram: BurstType    : 0x00 ( Wrap)[0m
[0;32mI (300) hex_psram: BurstLen     : 0x03 (2048 Byte)[0m
[0;32mI (304) hex_psram: BitMode      : 0x01 (X16 Mode)[0m
[0;32mI (309) hex_psram: Readlatency  : 0x04 (14 cycles@Fixed)[0m
[0;32mI (314) hex_psram: DriveStrength: 0x00 (1/1)[0m
[0;32mI (318) MSPI DQS: tuning success, best phase id is 0[0m
[0;32mI (495) MSPI DQS: tuning success, best delayline id is 16[0m
[0;32mI (496) esp_psram: Found 32MB PSRAM device[0m
[0;32mI (496) esp_psram: Speed: 200MHz[0m
[0;32mI (497) hex_psram: psram CS IO is dedicated[0m
[0;32mI (500) cpu_start: Multicore app[0m
[0;32mI (1452) esp_psram: SPI SRAM memory test OK[0m
[0;32mI (1462) cpu_start: Pro cpu start user code[0m
[0;32mI (1462) cpu_start: cpu freq: 360000000 Hz[0m
[0;32mI (1463) app_init: Application information:[0m
[0;32mI (1463) app_init: Project name:     GameDemo[0m
[0;32mI (1467) app_init: App version:      1[0m
[0;32mI (1470) app_init: Compile time:     Mar 31 2026 11:20:18[0m
[0;32mI (1475) app_init: ELF file SHA256:  99737e99b...[0m
[0;32mI (1480) app_init: ESP-IDF:          v5.5.1-dirty[0m
[0;32mI (1484) efuse_init: Min chip rev:     v0.1[0m
[0;32mI (1488) efuse_init: Max chip rev:     v1.99 [0m
[0;32mI (1492) efuse_init: Chip rev:         v1.0[0m
[0;32mI (1496) heap_init: Initializing. RAM available for dynamic allocation:[0m
[0;32mI (1502) heap_init: At 4FF1CBD0 len 0001E3F0 (120 KiB): RAM[0m
[0;32mI (1508) heap_init: At 4FF3AFC0 len 00004BF0 (18 KiB): RAM[0m
[0;32mI (1513) heap_init: At 4FF40000 len 00060000 (384 KiB): RAM[0m
[0;32mI (1518) heap_init: At 501080A0 len 00007F60 (31 KiB): RTCRAM[0m
[0;32mI (1524) heap_init: At 30100068 len 00001F98 (7 KiB): TCM[0m
[0;32mI (1529) esp_psram: Adding pool of 32768K of PSRAM memory to heap allocator[0m
[0;32mI (1536) spi_flash: detected chip: generic[0m
[0;32mI (1539) spi_flash: flash io: dio[0m
[0;32mI (1543) main_task: Started on CPU0[0m
[0;32mI (1553) esp_psram: Reserving pool of 32K of internal memory for DMA/internal allocations[0m
[0;32mI (1553) main_task: Calling app_main()[0m
[0;32mI (1553) LVGL: Starting LVGL task[0m
[0;33mW (1563) ledc: GPIO 22 is not usable, maybe conflict with others[0m
[0;32mI (1563) m5stack_tab5: MIPI DSI PHY Powered on[0m
[0;32mI (1573) m5stack_tab5: Install MIPI DSI LCD control panel[0m
[0;32mI (1613) ili9881c: ID1: 0x98, ID2: 0x81, ID3: 0x5c[0m
[1;31mE (1733) lcd_panel: esp_lcd_panel_swap_xy(50): swap_xy is not supported by this panel[0m
[0;32mI (1733) m5stack_tab5: Display initialized with resolution 720x1280[0m
[0;32mI (1733) GT911: I2C address initialization procedure skipped - using default GT9xx setup[0m
[0;32mI (1743) GT911: TouchPad_ID:0x39,0x31,0x31[0m
[0;32mI (1743) GT911: TouchPad_Config_Version:80[0m
[0;32mI (1753) GameDemo: Starting NEON TETRIS UI[0m
[0;32mI (1763) ui_home: Modern home UI initialized[0m
[0;32mI (1803) uart_mgr: UART receive task started, waiting for data...[0m
[0;32mI (1803) uart_mgr: UART initialized (TX:53, RX:54, Baud:115200)[0m
[0;32mI (1803) uart_mgr: UART receive callback registered[0m
[0;32mI (1803) input_uart: UART input ready[0m
Guru Meditation Error: Core  0 panic'ed (Stack protection fault). 

Detected in task "taskLVGL" at 0x400569b0
Stack pointer: 0x4ff37d30
Stack bounds: 0x4ff3b564 - 0x4ff3d160


Core  0 register dump:
MEPC    : 0x400569c2  RA      : 0x4005715e  SP      : 0x4ff37d30  GP      : 0x4ff17c80  
TP      : 0x4ff3d140  T0      : 0xffffc000  T1      : 0x3f800000  T2      : 0x3f800000  
S0/FP   : 0x00004000  S1      : 0x0000475c  A0      : 0x00000000  A1      : 0x4ff3d938  
A2      : 0x4ff2f600  A3      : 0x00000001  A4      : 0x4ff3c488  A5      : 0x4ff37e78  
A6      : 0x0000000d  A7      : 0x00000000  S2      : 0x4ff2d2f4  S3      : 0x4ff2f5ec  
S4      : 0x00000000  S5      : 0x000000ff  S6      : 0x00000000  S7      : 0x4ff2dbe0  
S8      : 0x000000ff  S9      : 0x00000001  S10     : 0x4826658c  S11     : 0x00001400  
T3      : 0x3f800000  T4      : 0x3f800000  T5      : 0x00000000  T6      : 0x441d0000  
MSTATUS : 0x80017880  MTVEC   : 0x4ff00003  MCAUSE  : 0x0000001b  MTVAL   : 0x00000000  
MHARTID : 0x00000000  

add symbol table from file "/Users/jason/Documents/Demo_Tab5andcardKB2/GameDemo/build/bootloader/bootloader.elf"
0x400569c2 in rleRender (rle=0x0, outline=0x4ff3d938, renderRegion=..., antiAlias=true) at /Users/jason/Documents/Demo_Tab5andcardKB2/GameDemo/managed_components/lvgl__lvgl/src/libs/thorvg/tvgSwRle.cpp:867
867	    rw.bufferSize = sizeof(buffer);
#0  0x400569c2 in rleRender (rle=0x0, outline=0x4ff3d938, renderRegion=..., antiAlias=true) at /Users/jason/Documents/Demo_Tab5andcardKB2/GameDemo/managed_components/lvgl__lvgl/src/libs/thorvg/tvgSwRle.cpp:867
#1  0x00000000 in ?? ()
Backtrace stopped: frame did not save the PC



ELF file SHA256: 99737e99b

Rebooting...
ESP-ROM:esp32p4-eco2-20240710
Build:Jul 10 2024
rst:0xc (SW_CPU_RESET),boot:0x20c (SPI_FAST_FLASH_BOOT)
Core0 Saved PC:0x4ff04f14
Core1 Saved PC:0x4000193a
SPI mode:DIO, clock div:1
load:0x4ff33ce0,len:0x164c
load:0x4ff29ed0,len:0xdfc
load:0x4ff2cbd0,len:0x336c
entry 0x4ff29eda
[0;32mI (28) boot: ESP-IDF v5.5.1-dirty 2nd stage bootloader[0m
[0;32mI (28) boot: compile time Mar 28 2026 21:10:31[0m
[0;32mI (29) boot: Multicore bootloader[0m
[0;32mI (30) boot: chip revision: v1.0[0m
[0;32mI (32) boot: efuse block revision: v0.3[0m
[0;32mI (35) boot.esp32p4: SPI Speed      : 80MHz[0m
[0;32mI (39) boot.esp32p4: SPI Mode       : DIO[0m
[0;32mI (43) boot.esp32p4: SPI Flash Size : 16MB[0m
[0;32mI (47) boot: Enabling RNG early entropy source...[0m
[0;32mI (51) boot: Partition Table:[0m
[0;32mI (54) boot: ## Label            Usage          Type ST Offset   Length[0m
[0;32mI (60) boot:  0 nvs              WiFi data        01 02 00009000 00006000[0m
[0;32mI (67) boot:  1 phy_init         RF data          01 01 0000f000 00001000[0m
[0;32mI (73) boot:  2 factory          factory app      00 00 00010000 00f00000[0m
[0;32mI (80) boot: End of partition table[0m
[0;32mI (83) esp_image: segment 0: paddr=00010020 vaddr=400b0020 size=42428h (271400) map[0m
[0;32mI (129) esp_image: segment 1: paddr=00052450 vaddr=30100000 size=00068h (   104) load[0m
[0;32mI (131) esp_image: segment 2: paddr=000524c0 vaddr=4ff00000 size=0db58h ( 56152) load[0m
[0;32mI (143) esp_image: segment 3: paddr=00060020 vaddr=40000020 size=a9958h (694616) map[0m
[0;32mI (241) esp_image: segment 4: paddr=00109980 vaddr=4ff0db58 size=09908h ( 39176) load[0m
[0;32mI (249) esp_image: segment 5: paddr=00113290 vaddr=4ff17480 size=0360ch ( 13836) load[0m
[0;32mI (253) esp_image: segment 6: paddr=001168a4 vaddr=50108080 size=00020h (    32) load[0m
[0;32mI (259) boot: Loaded app from partition at offset 0x10000[0m
[0;32mI (259) boot: Disabling RNG early entropy source...[0m
[0;32mI (277) hex_psram: vendor id    : 0x0d (AP)[0m
[0;32mI (277) hex_psram: Latency      : 0x01 (Fixed)[0m
[0;32mI (277) hex_psram: DriveStr.    : 0x00 (25 Ohm)[0m
[0;32mI (278) hex_psram: dev id       : 0x03 (generation 4)[0m
[0;32mI (283) hex_psram: density      : 0x07 (256 Mbit)[0m
[0;32mI (287) hex_psram: good-die     : 0x06 (Pass)[0m
[0;32mI (291) hex_psram: SRF          : 0x02 (Slow Refresh)[0m
[0;32mI (296) hex_psram: BurstType    : 0x00 ( Wrap)[0m
[0;32mI (300) hex_psram: BurstLen     : 0x03 (2048 Byte)[0m
[0;32mI (304) hex_psram: BitMode      : 0x01 (X16 Mode)[0m
[0;32mI (309) hex_psram: Readlatency  : 0x04 (14 cycles@Fixed)[0m
[0;32mI (314) hex_psram: DriveStrength: 0x00 (1/1)[0m
[0;32mI (318) MSPI DQS: tuning success, best phase id is 0[0m
[0;32mI (495) MSPI DQS: tuning success, best delayline id is 16[0m
[0;32mI (496) esp_psram: Found 32MB PSRAM device[0m
[0;32mI (496) esp_psram: Speed: 200MHz[0m
[0;32mI (497) hex_psram: psram CS IO is dedicated[0m
[0;32mI (500) cpu_start: Multicore app[0m
[0;32mI (1452) esp_psram: SPI SRAM memory test OK[0m
[0;32mI (1462) cpu_start: Pro cpu start user code[0m
[0;32mI (1462) cpu_start: cpu freq: 360000000 Hz[0m
[0;32mI (1463) app_init: Application information:[0m
[0;32mI (1463) app_init: Project name:     GameDemo[0m
[0;32mI (1467) app_init: App version:      1[0m
[0;32mI (1470) app_init: Compile time:     Mar 31 2026 11:20:18[0m
[0;32mI (1475) app_init: ELF file SHA256:  99737e99b...[0m
[0;32mI (1480) app_init: ESP-IDF:          v5.5.1-dirty[0m
[0;32mI (1484) efuse_init: Min chip rev:     v0.1[0m
[0;32mI (1488) efuse_init: Max chip rev:     v1.99 [0m
[0;32mI (1492) efuse_init: Chip rev:         v1.0[0m
[0;32mI (1496) heap_init: Initializing. RAM available for dynamic allocation:[0m
[0;32mI (1502) heap_init: At 4FF1CBD0 len 0001E3F0 (120 KiB): RAM[0m
[0;32mI (1508) heap_init: At 4FF3AFC0 len 00004BF0 (18 KiB): RAM[0m
[0;32mI (1513) heap_init: At 4FF40000 len 00060000 (384 KiB): RAM[0m
[0;32mI (1518) heap_init: At 501080A0 len 00007F60 (31 KiB): RTCRAM[0m
[0;32mI (1524) heap_init: At 30100068 len 00001F98 (7 KiB): TCM[0m
[0;32mI (1529) esp_psram: Adding pool of 32768K of PSRAM memory to heap allocator[0m
[0;32mI (1536) spi_flash: detected chip: generic[0m
[0;32mI (1539) spi_flash: flash io: dio[0m
[0;32mI (1543) main_task: Started on CPU0[0m
[0;32mI (1553) esp_psram: Reserving pool of 32K of internal memory for DMA/internal allocations[0m
[0;32mI (1553) main_task: Calling app_main()[0m
[0;32mI (1553) LVGL: Starting LVGL task[0m
[0;33mW (1563) ledc: GPIO 22 is not usable, maybe conflict with others[0m
[0;32mI (1563) m5stack_tab5: MIPI DSI PHY Powered on[0m
[0;32mI (1573) m5stack_tab5: Install MIPI DSI LCD control panel[0m
[0;32mI (1613) ili9881c: ID1: 0x98, ID2: 0x81, ID3: 0x5c[0m
[1;31mE (1733) lcd_panel: esp_lcd_panel_swap_xy(50): swap_xy is not supported by this panel[0m
[0;32mI (1733) m5stack_tab5: Display initialized with resolution 720x1280[0m
[0;32mI (1733) GT911: I2C address initialization procedure skipped - using default GT9xx setup[0m
[0;32mI (1743) GT911: TouchPad_ID:0x39,0x31,0x31[0m
[0;32mI (1743) GT911: TouchPad_Config_Version:80[0m
[0;32mI (1753) GameDemo: Starting NEON TETRIS UI[0m
[0;32mI (1763) ui_home: Modern home UI initialized[0m
[0;32mI (1803) uart_mgr: UART receive task started, waiting for data...[0m
[0;32mI (1803) uart_mgr: UART initialized (TX:53, RX:54, Baud:115200)[0m
[0;32mI (1803) uart_mgr: UART receive callback registered[0m
[0;32mI (1803) input_uart: UART input ready[0m
Guru Meditation Error: Core  0 panic'ed (Stack protection fault). 

Detected in task "taskLVGL" at 0x400569b0
Stack pointer: 0x4ff37d30
Stack bounds: 0x4ff3b564 - 0x4ff3d160


Core  0 register dump:
MEPC    : 0x400569c2  RA      : 0x4005715e  SP      : 0x4ff37d30  GP      : 0x4ff17c80  
TP      : 0x4ff3d140  T0      : 0xffffc000  T1      : 0x3f800000  T2      : 0x3f800000  
S0/FP   : 0x00004000  S1      : 0x0000475c  A0      : 0x00000000  A1      : 0x4ff3d938  
A2      : 0x4ff2f600  A3      : 0x00000001  A4      : 0x4ff3c488  A5      : 0x4ff37e78  
A6      : 0x0000000d  A7      : 0x00000000  S2      : 0x4ff2d2f4  S3      : 0x4ff2f5ec  
S4      : 0x00000000  S5      : 0x000000ff  S6      : 0x00000000  S7      : 0x4ff2dbe0  
S8      : 0x000000ff  S9      : 0x00000001  S10     : 0x4826658c  S11     : 0x00001400  
T3      : 0x3f800000  T4      : 0x3f800000  T5      : 0x00000000  T6      : 0x441d0000  
MSTATUS : 0x80017880  MTVEC   : 0x4ff00003  MCAUSE  : 0x0000001b  MTVAL   : 0x00000000  
MHARTID : 0x00000000  

add symbol table from file "/Users/jason/Documents/Demo_Tab5andcardKB2/GameDemo/build/bootloader/bootloader.elf"
0x400569c2 in rleRender (rle=0x0, outline=0x4ff3d938, renderRegion=..., antiAlias=true) at /Users/jason/Documents/Demo_Tab5andcardKB2/GameDemo/managed_components/lvgl__lvgl/src/libs/thorvg/tvgSwRle.cpp:867
867	    rw.bufferSize = sizeof(buffer);
#0  0x400569c2 in rleRender (rle=0x0, outline=0x4ff3d938, renderRegion=..., antiAlias=true) at /Users/jason/Documents/Demo_Tab5andcardKB2/GameDemo/managed_components/lvgl__lvgl/src/libs/thorvg/tvgSwRle.cpp:867
#1  0x00000000 in ?? ()
Backtrace stopped: frame did not save the PC



ELF file SHA256: 99737e99b

Rebooting...
ESP-ROM:esp32p4-eco2-20240710
Build:Jul 10 2024
rst:0xc (SW_CPU_RESET),boot:0x20c (SPI_FAST_FLASH_BOOT)
Core0 Saved PC:0x4ff04f14
Core1 Saved PC:0x4000193a
SPI mode:DIO, clock div:1
load:0x4ff33ce0,len:0x164c
load:0x4ff29ed0,len:0xdfc
load:0x4ff2cbd0,len:0x336c
entry 0x4ff29eda
[0;32mI (28) boot: ESP-IDF v5.5.1-dirty 2nd stage bootloader[0m
[0;32mI (28) boot: compile time Mar 28 2026 21:10:31[0m
[0;32mI (29) boot: Multicore bootloader[0m
[0;32mI (30) boot: chip revision: v1.0[0m
[0;32mI (32) boot: efuse block revision: v0.3[0m
[0;32mI (35) boot.esp32p4: SPI Speed      : 80MHz[0m
[0;32mI (39) boot.esp32p4: SPI Mode       : DIO[0m
[0;32mI (43) boot.esp32p4: SPI Flash Size : 16MB[0m
[0;32mI (47) boot: Enabling RNG early entropy source...[0m
[0;32mI (51) boot: Partition Table:[0m
[0;32mI (54) boot: ## Label            Usage          Type ST Offset   Length[0m
[0;32mI (60) boot:  0 nvs              WiFi data        01 02 00009000 00006000[0m
[0;32mI (67) boot:  1 phy_init         RF data          01 01 0000f000 00001000[0m
[0;32mI (73) boot:  2 factory          factory app      00 00 00010000 00f00000[0m
[0;32mI (80) boot: End of partition table[0m
[0;32mI (83) esp_image: segment 0: paddr=00010020 vaddr=400b0020 size=42428h (271400) map[0m
[0;32mI (129) esp_image: segment 1: paddr=00052450 vaddr=30100000 size=00068h (   104) load[0m
[0;32mI (131) esp_image: segment 2: paddr=000524c0 vaddr=4ff00000 size=0db58h ( 56152) load[0m
[0;32mI (143) esp_image: segment 3: paddr=00060020 vaddr=40000020 size=a9958h (694616) map[0m
[0;32mI (241) esp_image: segment 4: paddr=00109980 vaddr=4ff0db58 size=09908h ( 39176) load[0m
[0;32mI (249) esp_image: segment 5: paddr=00113290 vaddr=4ff17480 size=0360ch ( 13836) load[0m
[0;32mI (253) esp_image: segment 6: paddr=001168a4 vaddr=50108080 size=00020h (    32) load[0m
[0;32mI (259) boot: Loaded app from partition at offset 0x10000[0m
[0;32mI (259) boot: Disabling RNG early entropy source...[0m
[0;32mI (277) hex_psram: vendor id    : 0x0d (AP)[0m
[0;32mI (277) hex_psram: Latency      : 0x01 (Fixed)[0m
[0;32mI (277) hex_psram: DriveStr.    : 0x00 (25 Ohm)[0m
[0;32mI (278) hex_psram: dev id       : 0x03 (generation 4)[0m
[0;32mI (283) hex_psram: density      : 0x07 (256 Mbit)[0m
[0;32mI (287) hex_psram: good-die     : 0x06 (Pass)[0m
[0;32mI (291) hex_psram: SRF          : 0x02 (Slow Refresh)[0m
[0;32mI (296) hex_psram: BurstType    : 0x00 ( Wrap)[0m
[0;32mI (300) hex_psram: BurstLen     : 0x03 (2048 Byte)[0m
[0;32mI (304) hex_psram: BitMode      : 0x01 (X16 Mode)[0m
[0;32mI (309) hex_psram: Readlatency  : 0x04 (14 cycles@Fixed)[0m
[0;32mI (314) hex_psram: DriveStrength: 0x00 (1/1)[0m
[0;32mI (318) MSPI DQS: tuning success, best phase id is 0[0m
[0;32mI (495) MSPI DQS: tuning success, best delayline id is 16[0m
[0;32mI (496) esp_psram: Found 32MB PSRAM device[0m
[0;32mI (496) esp_psram: Speed: 200MHz[0m
[0;32mI (497) hex_psram: psram CS IO is dedicated[0m
[0;32mI (500) cpu_start: Multicore app[0m
[0;32mI (1453) esp_psram: SPI SRAM memory test OK[0m
[0;32mI (1463) cpu_start: Pro cpu start user code[0m
[0;32mI (1463) cpu_start: cpu freq: 360000000 Hz[0m
[0;32mI (1463) app_init: Application information:[0m
[0;32mI (1464) app_init: Project name:     GameDemo[0m
[0;32mI (1467) app_init: App version:      1[0m
[0;32mI (1471) app_init: Compile time:     Mar 31 2026 11:20:18[0m
[0;32mI (1476) app_init: ELF file SHA256:  99737e99b...[0m
[0;32mI (1481) app_init: ESP-IDF:          v5.5.1-dirty[0m
[0;32mI (1485) efuse_init: Min chip rev:     v0.1[0m
[0;32mI (1489) efuse_init: Max chip rev:     v1.99 [0m
[0;32mI (1493) efuse_init: Chip rev:         v1.0[0m
[0;32mI (1497) heap_init: Initializing. RAM available for dynamic allocation:[0m
[0;32mI (1503) heap_init: At 4FF1CBD0 len 0001E3F0 (120 KiB): RAM[0m
[0;32mI (1508) heap_init: At 4FF3AFC0 len 00004BF0 (18 KiB): RAM[0m
[0;32mI (1514) heap_init: At 4FF40000 len 00060000 (384 KiB): RAM[0m
[0;32mI (1519) heap_init: At 501080A0 len 00007F60 (31 KiB): RTCRAM[0m
[0;32mI (1524) heap_init: At 30100068 len 00001F98 (7 KiB): TCM[0m
[0;32mI (1530) esp_psram: Adding pool of 32768K of PSRAM memory to heap allocator[0m
[0;32mI (1537) spi_flash: detected chip: generic[0m
[0;32mI (1540) spi_flash: flash io: dio[0m
[0;32mI (1544) main_task: Started on CPU0[0m
[0;32mI (1554) esp_psram: Reserving pool of 32K of internal memory for DMA/internal allocations[0m
[0;32mI (1554) main_task: Calling app_main()[0m
[0;32mI (1554) LVGL: Starting LVGL task[0m
[0;33mW (1564) ledc: GPIO 22 is not usable, maybe conflict with others[0m
[0;32mI (1564) m5stack_tab5: MIPI DSI PHY Powered on[0m
[0;32mI (1574) m5stack_tab5: Install MIPI DSI LCD control panel[0m
[0;32mI (1614) ili9881c: ID1: 0x98, ID2: 0x81, ID3: 0x5c[0m
[1;31mE (1734) lcd_panel: esp_lcd_panel_swap_xy(50): swap_xy is not supported by this panel[0m
[0;32mI (1734) m5stack_tab5: Display initialized with resolution 720x1280[0m
[0;32mI (1734) GT911: I2C address initialization procedure skipped - using default GT9xx setup[0m
[0;32mI (1744) GT911: TouchPad_ID:0x39,0x31,0x31[0m
[0;32mI (1744) GT911: TouchPad_Config_Version:80[0m
[0;32mI (1754) GameDemo: Starting NEON TETRIS UI[0m
[0;32mI (1764) ui_home: Modern home UI initialized[0m
[0;32mI (1804) uart_mgr: UART receive task started, waiting for data...[0m
[0;32mI (1804) uart_mgr: UART initialized (TX:53, RX:54, Baud:115200)[0m
[0;32mI (1804) uart_mgr: UART receive callback registered[0m
[0;32mI (1804) input_uart: UART input ready[0m
Guru Meditation Error: Core  0 panic'ed (Stack protection fault). 

Detected in task "taskLVGL" at 0x400569b0
Stack pointer: 0x4ff37d30
Stack bounds: 0x4ff3b564 - 0x4ff3d160


Core  0 register dump:
MEPC    : 0x400569c2  RA      : 0x4005715e  SP      : 0x4ff37d30  GP      : 0x4ff17c80  
TP      : 0x4ff3d140  T0      : 0xffffc000  T1      : 0x3f800000  T2      : 0x3f800000  
S0/FP   : 0x00004000  S1      : 0x0000475c  A0      : 0x00000000  A1      : 0x4ff3d938  
A2      : 0x4ff2f600  A3      : 0x00000001  A4      : 0x4ff3c488  A5      : 0x4ff37e78  
A6      : 0x0000000d  A7      : 0x00000000  S2      : 0x4ff2d2f4  S3      : 0x4ff2f5ec  
S4      : 0x00000000  S5      : 0x000000ff  S6      : 0x00000000  S7      : 0x4ff2dbe0  
S8      : 0x000000ff  S9      : 0x00000001  S10     : 0x4826658c  S11     : 0x00001400  
T3      : 0x3f800000  T4      : 0x3f800000  T5      : 0x00000000  T6      : 0x441d0000  
MSTATUS : 0x80017880  MTVEC   : 0x4ff00003  MCAUSE  : 0x0000001b  MTVAL   : 0x00000000  
MHARTID : 0x00000000  

Stack memory:
4ff37d30: 0x00000038 0x00000000 0x00000000 0x001f1b2a 0x00000001 0x4ff2bf84 0x000000c3 0x4ff37e10
4ff37d50: 0x00000001 0x00000100 0x000001a0 0x0000011f 0x000001bf 0x00000100 0x000001a0 0x0000011f
4ff37d70: 0x000001bf 0x00000000 0x00000000 0x00000000 0x00000000 0x00000000 0x00000000 0x0000013f
4ff37d90: 0x0000027f 0x4ff20008 0x00000000 0x00000004 0x4ff37dac 0x006401ff 0x00000000 0x00000000
4ff37db0: 0x00000000 0x00000000 0x00000000 0x4ff20008 0x00000000 0x00000000 0x00000000 0x00000060
4ff37dd0: 0x00000000 0x00000000 0x14121cff 0x00ffffff 0x00000000 0x0002ff00 0x00000000 0x00000000
4ff37df0: 0x00000000 0x00000000 0x00000000 0x00000000 0x00000000 0x00000000 0x4ff2bf84 0x0000009b
4ff37e10: 0x4ff37eac 0x00000002 0x00000100 0x000001a0 0x0000011f 0x000001bf 0x00000100 0x000001a0
4ff37e30: 0x0000011f 0x000001bf 0x00000000 0x00000000 0x00000000 0x00000000 0x00000000 0x00000000
4ff37e50: 0x0000013f 0x0000027f 0x4ff20008 0x00000000 0x00000004 0x4ff37e70 0x006401ff 0x00000000
4ff37e70: 0x00000000 0x00000000 0x00000000 0x00000000 0x4ff20008 0x00000000 0x00000000 0x00000000
4ff37e90: 0x00000038 0x00000000 0x00000000 0x001f1b2a 0x00000001 0x4ff2bf84 0x000000c3 0x4ff37f70
4ff37eb0: 0x00000001 0x00000120 0x000001a0 0x0000013f 0x000001bf 0x00000120 0x000001a0 0x0000013f
4ff37ed0: 0x000001bf 0x00000000 0x00000000 0x00000000 0x00000000 0x00000000 0x00000000 0x0000013f
4ff37ef0: 0x0000027f 0x4ff20008 0x00000000 0x00000004 0x4ff37f0c 0x006401ff 0x00000000 0x00000000
4ff37f10: 0x00000000 0x00000000 0x00000000 0x4ff20008 0x00000000 0x00000000 0x00000000 0x00000060
4ff37f30: 0x00000000 0x00000000 0x14121cff 0x00ffffff 0x00000000 0x0002ff00 0x00000000 0x00000000
4ff37f50: 0x00000000 0x00000000 0x00000000 0x00000000 0x00000000 0x00000000 0x4ff2bf84 0x0000009b
4ff37f70: 0x4ff3800c 0x00000002 0x00000120 0x000001a0 0x0000013f 0x000001bf 0x00000120 0x000001a0
4ff37f90: 0x0000013f 0x000001bf 0x00000000 0x00000000 0x00000000 0x00000000 0x00000000 0x00000000
4ff37fb0: 0x0000013f 0x0000027f 0x4ff20008 0x00000000 0x00000004 0x4ff37fd0 0x006401ff 0x00000000
4ff37fd0: 0x00000000 0x00000000 0x00000000 0x00000000 0x4ff20008 0x00000000 0x00000000 0x00000000
4ff37ff0: 0x00000038 0x00000000 0x00000000 0x001f1b2a 0x00000001 0x4ff2bf84 0x000000c3 0x4ff380d0
4ff38010: 0x00000001 0x00000000 0x000001c0 0x0000001f 0x000001df 0x00000000 0x000001c0 0x0000001f
0x0000013f
4ff38050: 0x0000027f 0x4ff20008 0x00000000 0x00000004 0x4ff3806c 0x006401ff 0x00000000 0x00000000
4ff38070: 0x00000000 0x00000000 0x00000000 0x4ff20008 0x00000000 0x00000000 0x00000000 0x00000060
4ff38090: 0x00000000 0x00000000 0x14121cff 0x00ffffff 0x00000000 0x0002ff00 0x00000000 0x00000000
4ff380b0: 0x00000000 0x00000000 0x00000000 0x00000000 0x00000000 0x00000000 0x4ff2bf84 0x0000009b
4ff380d0: 0x4ff3816c 0x00000002 0x00000000 0x000001c0 0x0000001f 0x000001df 0x00000000 0x000001c0
4ff380f0: 0x0000001f 0x000001df 0x00000000 0x00000000 0x00000000 0x00000000 0x00000000 0x00000000
4ff38110: 0x0000013f 0x0000027f 0x4ff20008 0x00000000 0x00000004 0x4ff38130 0x006401ff 0x00000000



ELF file SHA256: 99737e99b

Rebooting...
ESP-ROM:esp32p4-eco2-20240710
Build:Jul 10 2024
rst:0xc (SW_CPU_RESET),boot:0x20c (SPI_FAST_FLASH_BOOT)
Core0 Saved PC:0x4ff04f14
Core1 Saved PC:0x4000193a
SPI mode:DIO, clock div:1
load:0x4ff33ce0,len:0x164c
load:0x4ff29ed0,len:0xdfc
load:0x4ff2cbd0,len:0x336c
entry 0x4ff29eda
[0;32mI (28) boot: ESP-IDF v5.5.1-dirty 2nd stage bootloader[0m
[0;32mI (28) boot: compile time Mar 28 2026 21:10:31[0m
[0;32mI (29) boot: Multicore bootloader[0m
[0;32mI (30) boot: chip revision: v1.0[0m
[0;32mI (32) boot: efuse block revision: v0.3[0m
[0;32mI (35) boot.esp32p4: SPI Speed      : 80MHz[0m
[0;32mI (39) boot.esp32p4: SPI Mode       : DIO[0m
[0;32mI (43) boot.esp32p4: SPI Flash Size : 16MB[0m
[0;32mI (47) boot: Enabling RNG early entropy source...[0m
[0;32mI (51) boot: Partition Table:[0m
[0;32mI (54) boot: ## Label            Usage          Type ST Offset   Length[0m
[0;32mI (60) boot:  0 nvs              WiFi data        01 02 00009000 00006000[0m
[0;32mI (67) boot:  1 phy_init         RF data          01 01 0000f000 00001000[0m
[0;32mI (73) boot:  2 factory          factory app      00 00 00010000 00f00000[0m
[0;32mI (80) boot: End of partition table[0m
[0;32mI (83) esp_image: segment 0: paddr=00010020 vaddr=400b0020 size=42428h (271400) map[0m
[0;32mI (129) esp_image: segment 1: paddr=00052450 vaddr=30100000 size=00068h (   104) load[0m
[0;32mI (131) esp_image: segment 2: paddr=000524c0 vaddr=4ff00000 size=0db58h ( 56152) load[0m
[0;32mI (143) esp_image: segment 3: paddr=00060020 vaddr=40000020 size=a9958h (694616) map[0m
[0;32mI (241) esp_image: segment 4: paddr=00109980 vaddr=4ff0db58 size=09908h ( 39176) load[0m
[0;32mI (249) esp_image: segment 5: paddr=00113290 vaddr=4ff17480 size=0360ch ( 13836) load[0m
[0;32mI (253) esp_image: segment 6: paddr=001168a4 vaddr=50108080 size=00020h (    32) load[0m
[0;32mI (259) boot: Loaded app from partition at offset 0x10000[0m
[0;32mI (259) boot: Disabling RNG early entropy source...[0m
[0;32mI (277) hex_psram: vendor id    : 0x0d (AP)[0m
[0;32mI (277) hex_psram: Latency      : 0x01 (Fixed)[0m
[0;32mI (277) hex_psram: DriveStr.    : 0x00 (25 Ohm)[0m
[0;32mI (278) hex_psram: dev id       : 0x03 (generation 4)[0m
[0;32mI (283) hex_psram: density      : 0x07 (256 Mbit)[0m
[0;32mI (287) hex_psram: good-die     : 0x06 (Pass)[0m
[0;32mI (291) hex_psram: SRF          : 0x02 (Slow Refresh)[0m
[0;32mI (296) hex_psram: BurstType    : 0x00 ( Wrap)[0m
[0;32mI (300) hex_psram: BurstLen     : 0x03 (2048 Byte)[0m
[0;32mI (304) hex_psram: BitMode      : 0x01 (X16 Mode)[0m
[0;32mI (309) hex_psram: Readlatency  : 0x04 (14 cycles@Fixed)[0m
[0;32mI (314) hex_psram: DriveStrength: 0x00 (1/1)[0m
[0;32mI (318) MSPI DQS: tuning success, best phase id is 0[0m
[0;32mI (495) MSPI DQS: tuning success, best delayline id is 16[0m
[0;32mI (496) esp_psram: Found 32MB PSRAM device[0m
[0;32mI (496) esp_psram: Speed: 200MHz[0m
[0;32mI (497) hex_psram: psram CS IO is dedicated[0m
[0;32mI (500) cpu_start: Multicore app[0m
[0;32mI (1452) esp_psram: SPI SRAM memory test OK[0m
[0;32mI (1462) cpu_start: Pro cpu start user code[0m
[0;32mI (1462) cpu_start: cpu freq: 360000000 Hz[0m
[0;32mI (1463) app_init: Application information:[0m
[0;32mI (1463) app_init: Project name:     GameDemo[0m
[0;32mI (1467) app_init: App version:      1[0m
[0;32mI (1470) app_init: Compile time:     Mar 31 2026 11:20:18[0m
[0;32mI (1475) app_init: ELF file SHA256:  99737e99b...[0m
[0;32mI (1480) app_init: ESP-IDF:          v5.5.1-dirty[0m
[0;32mI (1484) efuse_init: Min chip rev:     v0.1[0m
[0;32mI (1488) efuse_init: Max chip rev:     v1.99 [0m
[0;32mI (1492) efuse_init: Chip rev:         v1.0[0m
[0;32mI (1496) heap_init: Initializing. RAM available for dynamic allocation:[0m
[0;32mI (1502) heap_init: At 4FF1CBD0 len 0001E3F0 (120 KiB): RAM[0m
[0;32mI (1508) heap_init: At 4FF3AFC0 len 00004BF0 (18 KiB): RAM[0m
[0;32mI (1513) heap_init: At 4FF40000 len 00060000 (384 KiB): RAM[0m
[0;32mI (1518) heap_init: At 501080A0 len 00007F60 (31 KiB): RTCRAM[0m
[0;32mI (1523) heap_init: At 30100068 len 00001F98 (7 KiB): TCM[0m
[0;32mI (1529) esp_psram: Adding pool of 32768K of PSRAM memory to heap allocator[0m
[0;32mI (1536) spi_flash: detected chip: generic[0m
[0;32mI (1539) spi_flash: flash io: dio[0m
[0;32mI (1543) main_task: Started on CPU0[0m
[0;32mI (1553) esp_psram: Reserving pool of 32K of internal memory for DMA/internal allocations[0m
[0;32mI (1553) main_task: Calling app_main()[0m
[0;32mI (1553) LVGL: Starting LVGL task[0m
[0;33mW (1563) ledc: GPIO 22 is not usable, maybe conflict with others[0m
[0;32mI (1563) m5stack_tab5: MIPI DSI PHY Powered on[0m
[0;32mI (1573) m5stack_tab5: Install MIPI DSI LCD control panel[0m
[0;32mI (1613) ili9881c: ID1: 0x98, ID2: 0x81, ID3: 0x5c[0m
[1;31mE (1733) lcd_panel: esp_lcd_panel_swap_xy(50): swap_xy is not supported by this panel[0m
[0;32mI (1733) m5stack_tab5: Display initialized with resolution 720x1280[0m
[0;32mI (1733) GT911: I2C address initialization procedure skipped - using default GT9xx setup[0m
[0;32mI (1743) GT911: TouchPad_ID:0x39,0x31,0x31[0m
[0;32mI (1743) GT911: TouchPad_Config_Version:80[0m
[0;32mI (1753) GameDemo: Starting NEON TETRIS UI[0m
[0;32mI (1763) ui_home: Modern home UI initialized[0m
[0;32mI (1803) uart_mgr: UART receive task started, waiting for data...[0m
[0;32mI (1803) uart_mgr: UART initialized (TX:53, RX:54, Baud:115200)[0m
[0;32mI (1803) uart_mgr: UART receive callback registered[0m
[0;32mI (1803) input_uart: UART input ready[0m
Guru Meditation Error: Core  0 panic'ed (Stack protection fault). 

Detected in task "taskLVGL" at 0x400569b0
Stack pointer: 0x4ff37d30
Stack bounds: 0x4ff3b564 - 0x4ff3d160


Core  0 register dump:
MEPC    : 0x400569c2  RA      : 0x4005715e  SP      : 0x4ff37d30  GP      : 0x4ff17c80  
TP      : 0x4ff3d140  T0      : 0xffffc000  T1      : 0x3f800000  T2      : 0x3f800000  
S0/FP   : 0x00004000  S1      : 0x0000475c  A0      : 0x00000000  A1      : 0x4ff3d938  
A2      : 0x4ff2f600  A3      : 0x00000001  A4      : 0x4ff3c488  A5      : 0x4ff37e78  
A6      : 0x0000000d  A7      : 0x00000000  S2      : 0x4ff2d2f4  S3      : 0x4ff2f5ec  
S4      : 0x00000000  S5      : 0x000000ff  S6      : 0x00000000  S7      : 0x4ff2dbe0  
S8      : 0x000000ff  S9      : 0x00000001  S10     : 0x4826658c  S11     : 0x00001400  
T3      : 0x3f800000  T4      : 0x3f800000  T5      : 0x00000000  T6      : 0x441d0000  
MSTATUS : 0x80017880  MTVEC   : 0x4ff00003  MCAUSE  : 0x0000001b  MTVAL   : 0x00000000  
MHARTID : 0x00000000  

add symbol table from file "/Users/jason/Documents/Demo_Tab5andcardKB2/GameDemo/build/bootloader/bootloader.elf"
0x400569c2 in rleRender (rle=0x0, outline=0x4ff3d938, renderRegion=..., antiAlias=true) at /Users/jason/Documents/Demo_Tab5andcardKB2/GameDemo/managed_components/lvgl__lvgl/src/libs/thorvg/tvgSwRle.cpp:867
867	    rw.bufferSize = sizeof(buffer);
#0  0x400569c2 in rleRender (rle=0x0, outline=0x4ff3d938, renderRegion=..., antiAlias=true) at /Users/jason/Documents/Demo_Tab5andcardKB2/GameDemo/managed_components/lvgl__lvgl/src/libs/thorvg/tvgSwRle.cpp:867
#1  0x00000000 in ?? ()
Backtrace stopped: frame did not save the PC



ELF file SHA256: 99737e99b

Rebooting...
ESP-ROM:esp32p4-eco2-20240710
Build:Jul 10 2024
rst:0xc (SW_CPU_RESET),boot:0x20c (SPI_FAST_FLASH_BOOT)
Core0 Saved PC:0x4ff04f14
Core1 Saved PC:0x4000193a
SPI mode:DIO, clock div:1
load:0x4ff33ce0,len:0x164c
load:0x4ff29ed0,len:0xdfc
load:0x4ff2cbd0,len:0x336c
entry 0x4ff29eda
[0;32mI (28) boot: ESP-IDF v5.5.1-dirty 2nd stage bootloader[0m
[0;32mI (28) boot: compile time Mar 28 2026 21:10:31[0m
[0;32mI (29) boot: Multicore bootloader[0m
[0;32mI (30) boot: chip revision: v1.0[0m
[0;32mI (32) boot: efuse block revision: v0.3[0m
[0;32mI (35) boot.esp32p4: SPI Speed      : 80MHz[0m
[0;32mI (39) boot.esp32p4: SPI Mode       : DIO[0m
[0;32mI (43) boot.esp32p4: SPI Flash Size : 16MB[0m
[0;32mI (47) boot: Enabling RNG early entropy source...[0m
[0;32mI (51) boot: Partition Table:[0m
[0;32mI (54) boot: ## Label            Usage          Type ST Offset   Length[0m
[0;32mI (60) boot:  0 nvs              WiFi data        01 02 00009000 00006000[0m
[0;32mI (67) boot:  1 phy_init         RF data          01 01 0000f000 00001000[0m
[0;32mI (73) boot:  2 factory          factory app      00 00 00010000 00f00000[0m
[0;32mI (80) boot: End of partition table[0m
[0;32mI (83) esp_image: segment 0: paddr=00010020 vaddr=400b0020 size=42428h (271400) map[0m
[0;32mI (129) esp_image: segment 1: paddr=00052450 vaddr=30100000 size=00068h (   104) load[0m
[0;32mI (131) esp_image: segment 2: paddr=000524c0 vaddr=4ff00000 size=0db58h ( 56152) load[0m
[0;32mI (143) esp_image: segment 3: paddr=00060020 vaddr=40000020 size=a9958h (694616) map[0m
[0;32mI (241) esp_image: segment 4: paddr=00109980 vaddr=4ff0db58 size=09908h ( 39176) load[0m
[0;32mI (249) esp_image: segment 5: paddr=00113290 vaddr=4ff17480 size=0360ch ( 13836) load[0m
[0;32mI (253) esp_image: segment 6: paddr=001168a4 vaddr=50108080 size=00020h (    32) load[0m
[0;32mI (259) boot: Loaded app from partition at offset 0x10000[0m
[0;32mI (259) boot: Disabling RNG early entropy source...[0m
[0;32mI (277) hex_psram: vendor id    : 0x0d (AP)[0m
[0;32mI (277) hex_psram: Latency      : 0x01 (Fixed)[0m
[0;32mI (277) hex_psram: DriveStr.    : 0x00 (25 Ohm)[0m
[0;32mI (278) hex_psram: dev id       : 0x03 (generation 4)[0m
[0;32mI (283) hex_psram: density      : 0x07 (256 Mbit)[0m
[0;32mI (287) hex_psram: good-die     : 0x06 (Pass)[0m
[0;32mI (291) hex_psram: SRF          : 0x02 (Slow Refresh)[0m
[0;32mI (296) hex_psram: BurstType    : 0x00 ( Wrap)[0m
[0;32mI (300) hex_psram: BurstLen     : 0x03 (2048 Byte)[0m
[0;32mI (304) hex_psram: BitMode      : 0x01 (X16 Mode)[0m
[0;32mI (309) hex_psram: Readlatency  : 0x04 (14 cycles@Fixed)[0m
[0;32mI (314) hex_psram: DriveStrength: 0x00 (1/1)[0m
[0;32mI (318) MSPI DQS: tuning success, best phase id is 0[0m
[0;32mI (495) MSPI DQS: tuning success, best delayline id is 16[0m
[0;32mI (496) esp_psram: Found 32MB PSRAM device[0m
[0;32mI (496) esp_psram: Speed: 200MHz[0m
[0;32mI (497) hex_psram: psram CS IO is dedicated[0m
[0;32mI (500) cpu_start: Multicore app[0m
[0;32mI (1453) esp_psram: SPI SRAM memory test OK[0m
[0;32mI (1463) cpu_start: Pro cpu start user code[0m
[0;32mI (1463) cpu_start: cpu freq: 360000000 Hz[0m
[0;32mI (1464) app_init: Application information:[0m
[0;32mI (1464) app_init: Project name:     GameDemo[0m
[0;32mI (1468) app_init: App version:      1[0m
[0;32mI (1471) app_init: Compile time:     Mar 31 2026 11:20:18[0m
[0;32mI (1476) app_init: ELF file SHA256:  99737e99b...[0m
[0;32mI (1481) app_init: ESP-IDF:          v5.5.1-dirty[0m
[0;32mI (1485) efuse_init: Min chip rev:     v0.1[0m
[0;32mI (1489) efuse_init: Max chip rev:     v1.99 [0m
[0;32mI (1493) efuse_init: Chip rev:         v1.0[0m
[0;32mI (1497) heap_init: Initializing. RAM available for dynamic allocation:[0m
[0;32mI (1503) heap_init: At 4FF1CBD0 len 0001E3F0 (120 KiB): RAM[0m
[0;32mI (1509) heap_init: At 4FF3AFC0 len 00004BF0 (18 KiB): RAM[0m
[0;32mI (1514) heap_init: At 4FF40000 len 00060000 (384 KiB): RAM[0m
[0;32mI (1519) heap_init: At 501080A0 len 00007F60 (31 KiB): RTCRAM[0m
[0;32mI (1525) heap_init: At 30100068 len 00001F98 (7 KiB): TCM[0m
[0;32mI (1530) esp_psram: Adding pool of 32768K of PSRAM memory to heap allocator[0m
[0;32mI (1537) spi_flash: detected chip: generic[0m
[0;32mI (1540) spi_flash: flash io: dio[0m
[0;32mI (1544) main_task: Started on CPU0[0m
[0;32mI (1554) esp_psram: Reserving pool of 32K of internal memory for DMA/internal allocations[0m
[0;32mI (1554) main_task: Calling app_main()[0m
[0;32mI (1554) LVGL: Starting LVGL task[0m
[0;33mW (1564) ledc: GPIO 22 is not usable, maybe conflict with others[0m
[0;32mI (1564) m5stack_tab5: MIPI DSI PHY Powered on[0m
[0;32mI (1574) m5stack_tab5: Install MIPI DSI LCD control panel[0m
[0;32mI (1614) ili9881c: ID1: 0x98, ID2: 0x81, ID3: 0x5c[0m
[1;31mE (1734) lcd_panel: esp_lcd_panel_swap_xy(50): swap_xy is not supported by this panel[0m
[0;32mI (1734) m5stack_tab5: Display initialized with resolution 720x1280[0m
[0;32mI (1734) GT911: I2C address initialization procedure skipped - using default GT9xx setup[0m
[0;32mI (1744) GT911: TouchPad_ID:0x39,0x31,0x31[0m
[0;32mI (1744) GT911: TouchPad_Config_Version:80[0m
[0;32mI (1754) GameDemo: Starting NEON TETRIS UI[0m
[0;32mI (1764) ui_home: Modern home UI initialized[0m
[0;32mI (1804) uart_mgr: UART receive task started, waiting for data...[0m
[0;32mI (1804) uart_mgr: UART initialized (TX:53, RX:54, Baud:115200)[0m
[0;32mI (1804) uart_mgr: UART receive callback registered[0m
[0;32mI (1804) input_uart: UART input ready[0m
Guru Meditation Error: Core  0 panic'ed (Stack protection fault). 

Detected in task "taskLVGL" at 0x400569b0
Stack pointer: 0x4ff37d30
Stack bounds: 0x4ff3b564 - 0x4ff3d160


Core  0 register dump:
MEPC    : 0x400569c2  RA      : 0x4005715e  SP      : 0x4ff37d30  GP      : 0x4ff17c80  
TP      : 0x4ff3d140  T0      : 0xffffc000  T1      : 0x3f800000  T2      : 0x3f800000  
S0/FP   : 0x00004000  S1      : 0x0000475c  A0      : 0x00000000  A1      : 0x4ff3d938  
A2      : 0x4ff2f600  A3      : 0x00000001  A4      : 0x4ff3c488  A5      : 0x4ff37e78  
A6      : 0x0000000d  A7      : 0x00000000  S2      : 0x4ff2d2f4  S3      : 0x4ff2f5ec  
S4      : 0x00000000  S5      : 0x000000ff  S6      : 0x00000000  S7      : 0x4ff2dbe0  
S8      : 0x000000ff  S9      : 0x00000001  S10     : 0x4826658c  S11     : 0x00001400  
T3      : 0x3f800000  T4      : 0x3f800000  T5      : 0x00000000  T6      : 0x441d0000  
MSTATUS : 0x80017880  MTVEC   : 0x4ff00003  MCAUSE  : 0x0000001b  MTVAL   : 0x00000000  
MHARTID : 0x00000000  

add symbol table from file "/Users/jason/Documents/Demo_Tab5andcardKB2/GameDemo/build/bootloader/bootloader.elf"
0x400569c2 in rleRender (rle=0x0, outline=0x4ff3d938, renderRegion=..., antiAlias=true) at /Users/jason/Documents/Demo_Tab5andcardKB2/GameDemo/managed_components/lvgl__lvgl/src/libs/thorvg/tvgSwRle.cpp:867
867	    rw.bufferSize = sizeof(buffer);
#0  0x400569c2 in rleRender (rle=0x0, outline=0x4ff3d938, renderRegion=..., antiAlias=true) at /Users/jason/Documents/Demo_Tab5andcardKB2/GameDemo/managed_components/lvgl__lvgl/src/libs/thorvg/tvgSwRle.cpp:867
#1  0x00000000 in ?? ()
Backtrace stopped: frame did not save the PC



ELF file SHA256: 99737e99b

Rebooting...
ESP-ROM:esp32p4-eco2-20240710
Build:Jul 10 2024
rst:0xc (SW_CPU_RESET),boot:0x20c (SPI_FAST_FLASH_BOOT)
Core0 Saved PC:0x4ff04f14
Core1 Saved PC:0x4000193a
SPI mode:DIO, clock div:1
load:0x4ff33ce0,len:0x164c
load:0x4ff29ed0,len:0xdfc
load:0x4ff2cbd0,len:0x336c
entry 0x4ff29eda
[0;32mI (28) boot: ESP-IDF v5.5.1-dirty 2nd stage bootloader[0m
[0;32mI (28) boot: compile time Mar 28 2026 21:10:31[0m
[0;32mI (29) boot: Multicore bootloader[0m
[0;32mI (30) boot: chip revision: v1.0[0m
[0;32mI (32) boot: efuse block revision: v0.3[0m
[0;32mI (35) boot.esp32p4: SPI Speed      : 80MHz[0m
[0;32mI (39) boot.esp32p4: SPI Mode       : DIO[0m
[0;32mI (43) boot.esp32p4: SPI Flash Size : 16MB[0m
[0;32mI (47) boot: Enabling RNG early entropy source...[0m
[0;32mI (51) boot: Partition Table:[0m
[0;32mI (54) boot: ## Label            Usage          Type ST Offset   Length[0m
[0;32mI (60) boot:  0 nvs              WiFi data        01 02 00009000 00006000[0m
[0;32mI (67) boot:  1 phy_init         RF data          01 01 0000f000 00001000[0m
[0;32mI (73) boot:  2 factory          factory app      00 00 00010000 00f00000[0m
[0;32mI (80) boot: End of partition table[0m
[0;32mI (83) esp_image: segment 0: paddr=00010020 vaddr=400b0020 size=42428h (271400) map[0m
[0;32mI (129) esp_image: segment 1: paddr=00052450 vaddr=30100000 size=00068h (   104) load[0m
[0;32mI (131) esp_image: segment 2: paddr=000524c0 vaddr=4ff00000 size=0db58h ( 56152) load[0m
[0;32mI (143) esp_image: segment 3: paddr=00060020 vaddr=40000020 size=a9958h (694616) map[0m
[0;32mI (241) esp_image: segment 4: paddr=00109980 vaddr=4ff0db58 size=09908h ( 39176) load[0m
[0;32mI (249) esp_image: segment 5: paddr=00113290 vaddr=4ff17480 size=0360ch ( 13836) load[0m
[0;32mI (253) esp_image: segment 6: paddr=001168a4 vaddr=50108080 size=00020h (    32) load[0m
[0;32mI (259) boot: Loaded app from partition at offset 0x10000[0m
[0;32mI (259) boot: Disabling RNG early entropy source...[0m
[0;32mI (277) hex_psram: vendor id    : 0x0d (AP)[0m
[0;32mI (277) hex_psram: Latency      : 0x01 (Fixed)[0m
[0;32mI (277) hex_psram: DriveStr.    : 0x00 (25 Ohm)[0m
[0;32mI (278) hex_psram: dev id       : 0x03 (generation 4)[0m
[0;32mI (283) hex_psram: density      : 0x07 (256 Mbit)[0m
[0;32mI (287) hex_psram: good-die     : 0x06 (Pass)[0m
[0;32mI (291) hex_psram: SRF          : 0x02 (Slow Refresh)[0m
[0;32mI (296) hex_psram: BurstType    : 0x00 ( Wrap)[0m
[0;32mI (300) hex_psram: BurstLen     : 0x03 (2048 Byte)[0m
[0;32mI (304) hex_psram: BitMode      : 0x01 (X16 Mode)[0m
[0;32mI (309) hex_psram: Readlatency  : 0x04 (14 cycles@Fixed)[0m
[0;32mI (314) hex_psram: DriveStrength: 0x00 (1/1)[0m
[0;32mI (318) MSPI DQS: tuning success, best phase id is 0[0m
[0;32mI (495) MSPI DQS: tuning success, best delayline id is 16[0m
[0;32mI (496) esp_psram: Found 32MB PSRAM device[0m
[0;32mI (496) esp_psram: Speed: 200MHz[0m
[0;32mI (497) hex_psram: psram CS IO is dedicated[0m
[0;32mI (500) cpu_start: Multicore app[0m
[0;32mI (1453) esp_psram: SPI SRAM memory test OK[0m
[0;32mI (1463) cpu_start: Pro cpu start user code[0m
[0;32mI (1463) cpu_start: cpu freq: 360000000 Hz[0m
[0;32mI (1463) app_init: Application information:[0m
[0;32mI (1464) app_init: Project name:     GameDemo[0m
[0;32mI (1467) app_init: App version:      1[0m
[0;32mI (1471) app_init: Compile time:     Mar 31 2026 11:20:18[0m
[0;32mI (1476) app_init: ELF file SHA256:  99737e99b...[0m
[0;32mI (1480) app_init: ESP-IDF:          v5.5.1-dirty[0m
[0;32mI (1485) efuse_init: Min chip rev:     v0.1[0m
[0;32mI (1489) efuse_init: Max chip rev:     v1.99 [0m
[0;32mI (1493) efuse_init: Chip rev:         v1.0[0m
[0;32mI (1497) heap_init: Initializing. RAM available for dynamic allocation:[0m
[0;32mI (1503) heap_init: At 4FF1CBD0 len 0001E3F0 (120 KiB): RAM[0m
[0;32mI (1508) heap_init: At 4FF3AFC0 len 00004BF0 (18 KiB): RAM[0m
[0;32mI (1514) heap_init: At 4FF40000 len 00060000 (384 KiB): RAM[0m
[0;32mI (1519) heap_init: At 501080A0 len 00007F60 (31 KiB): RTCRAM[0m
[0;32mI (1524) heap_init: At 30100068 len 00001F98 (7 KiB): TCM[0m
[0;32mI (1530) esp_psram: Adding pool of 32768K of PSRAM memory to heap allocator[0m
[0;32mI (1537) spi_flash: detected chip: generic[0m
[0;32mI (1540) spi_flash: flash io: dio[0m
[0;32mI (1544) main_task: Started on CPU0[0m
[0;32mI (1554) esp_psram: Reserving pool of 32K of internal memory for DMA/internal allocations[0m
[0;32mI (1554) main_task: Calling app_main()[0m
[0;32mI (1554) LVGL: Starting LVGL task[0m
[0;33mW (1564) ledc: GPIO 22 is not usable, maybe conflict with others[0m
[0;32mI (1564) m5stack_tab5: MIPI DSI PHY Powered on[0m
[0;32mI (1574) m5stack_tab5: Install MIPI DSI LCD control panel[0m
[0;32mI (1614) ili9881c: ID1: 0x98, ID2: 0x81, ID3: 0x5c[0m
[1;31mE (1734) lcd_panel: esp_lcd_panel_swap_xy(50): swap_xy is not supported by this panel[0m
[0;32mI (1734) m5stack_tab5: Display initialized with resolution 720x1280[0m
[0;32mI (1734) GT911: I2C address initialization procedure skipped - using default GT9xx setup[0m
[0;32mI (1744) GT911: TouchPad_ID:0x39,0x31,0x31[0m
[0;32mI (1744) GT911: TouchPad_Config_Version:80[0m
[0;32mI (1754) GameDemo: Starting NEON TETRIS UI[0m
[0;32mI (1764) ui_home: Modern home UI initialized[0m
[0;32mI (1804) uart_mgr: UART receive task started, waiting for data...[0m
[0;32mI (1804) uart_mgr: UART initialized (TX:53, RX:54, Baud:115200)[0m
[0;32mI (1804) uart_mgr: UART receive callback registered[0m
[0;32mI (1804) input_uart: UART input ready[0m
Guru Meditation Error: Core  0 panic'ed (Stack protection fault). 

Detected in task "taskLVGL" at 0x400569b0
Stack pointer: 0x4ff37d30
Stack bounds: 0x4ff3b564 - 0x4ff3d160


Core  0 register dump:
MEPC    : 0x400569c2  RA      : 0x4005715e  SP      : 0x4ff37d30  GP      : 0x4ff17c80  
TP      : 0x4ff3d140  T0      : 0xffffc000  T1      : 0x3f800000  T2      : 0x3f800000  
S0/FP   : 0x00004000  S1      : 0x0000475c  A0      : 0x00000000  A1      : 0x4ff3d938  
A2      : 0x4ff2f600  A3      : 0x00000001  A4      : 0x4ff3c488  A5      : 0x4ff37e78  
A6      : 0x0000000d  A7      : 0x00000000  S2      : 0x4ff2d2f4  S3      : 0x4ff2f5ec  
S4      : 0x00000000  S5      : 0x000000ff  S6      : 0x00000000  S7      : 0x4ff2dbe0  
S8      : 0x000000ff  S9      : 0x00000001  S10     : 0x4826658c  S11     : 0x00001400  
T3      : 0x3f800000  T4      : 0x3f800000  T5      : 0x00000000  T6      : 0x441d0000  
MSTATUS : 0x80017880  MTVEC   : 0x4ff00003  MCAUSE  : 0x0000001b  MTVAL   : 0x00000000  
MHARTID : 0x00000000  

Stack memory:
4ff37d30: 0x00000038 0x00000000 0x00000000 0x001f1b2a 0x00000001 0x4ff2bf84 0x000000c3 0x4ff37e10
4ff37d50: 0x00000001 0x00000100 0x000001a0 0x0000011f 0x000001bf 0x00000100 0x000001a0 0x0000011f
4ff37d70: 0x000001bf 0x00000000 0x00000000 0x00000000 0x00000000 0x00000000 0x00000000 0x0000013f
4ff37d90: 0x0000027f 0x4ff20008 0x00000000 0x00000004 0x4ff37dac 0x006401ff 0x00000000 0x00000000
4ff37db0: 0x00000000 0x00000000 0x00000000 0x4ff20008 0x00000000 0x00000000 0x00000000 0x00000060
4ff37dd0: 0x00000000 0x00000000 0x14121cff 0x00ffffff 0x00000000 0x0002ff00 0x00000000 0x00000000
4ff37df0: 0x00000000 0x00000000 0x00000000 0x00000000 0x00000000 0x00000000 0x4ff2bf84 0x0000009b
4ff37e10: 0x4ff37eac 0x00000002 0x00000100 0x000001a0 0x0000011f 0x000001bf 0x00000100 0x000001a0
